Component: ARM Compiler 5.06 update 7 (build 960) Tool: armlink [4d3601]

==============================================================================

Section Cross References

    startup_stm32f103xb.o(RESET) refers to startup_stm32f103xb.o(STACK) for __initial_sp
    startup_stm32f103xb.o(RESET) refers to startup_stm32f103xb.o(.text) for Reset_Handler
    startup_stm32f103xb.o(RESET) refers to stm32f1xx_it.o(i.NMI_Handler) for NMI_Handler
    startup_stm32f103xb.o(RESET) refers to stm32f1xx_it.o(i.HardFault_Handler) for HardFault_Handler
    startup_stm32f103xb.o(RESET) refers to stm32f1xx_it.o(i.MemManage_Handler) for MemManage_Handler
    startup_stm32f103xb.o(RESET) refers to stm32f1xx_it.o(i.BusFault_Handler) for BusFault_Handler
    startup_stm32f103xb.o(RESET) refers to stm32f1xx_it.o(i.UsageFault_Handler) for UsageFault_Handler
    startup_stm32f103xb.o(RESET) refers to port.o(.emb_text) for SVC_Handler
    startup_stm32f103xb.o(RESET) refers to stm32f1xx_it.o(i.DebugMon_Handler) for DebugMon_Handler
    startup_stm32f103xb.o(RESET) refers to port.o(i.SysTick_Handler) for SysTick_Handler
    startup_stm32f103xb.o(RESET) refers to stm32f1xx_it.o(i.DMA1_Channel2_IRQHandler) for DMA1_Channel2_IRQHandler
    startup_stm32f103xb.o(RESET) refers to stm32f1xx_it.o(i.DMA1_Channel3_IRQHandler) for DMA1_Channel3_IRQHandler
    startup_stm32f103xb.o(RESET) refers to stm32f1xx_it.o(i.TIM2_IRQHandler) for TIM2_IRQHandler
    startup_stm32f103xb.o(RESET) refers to stm32f1xx_it.o(i.TIM4_IRQHandler) for TIM4_IRQHandler
    startup_stm32f103xb.o(RESET) refers to stm32f1xx_it.o(i.USART1_IRQHandler) for USART1_IRQHandler
    startup_stm32f103xb.o(RESET) refers to stm32f1xx_it.o(i.USART3_IRQHandler) for USART3_IRQHandler
    startup_stm32f103xb.o(RESET) refers to stm32f1xx_it.o(i.EXTI15_10_IRQHandler) for EXTI15_10_IRQHandler
    startup_stm32f103xb.o(.text) refers to system_stm32f1xx.o(i.SystemInit) for SystemInit
    startup_stm32f103xb.o(.text) refers to entry.o(.ARM.Collect$$$$00000000) for __main
    main.o(i.HAL_TIM_PeriodElapsedCallback) refers to stm32f1xx_hal.o(i.HAL_IncTick) for HAL_IncTick
    main.o(i.HAL_TIM_PeriodElapsedCallback) refers to receivedata.o(i.timeout_reset) for timeout_reset
    main.o(i.SystemClock_Config) refers to memseta.o(.text) for __aeabi_memclr4
    main.o(i.SystemClock_Config) refers to stm32f1xx_hal_rcc.o(i.HAL_RCC_OscConfig) for HAL_RCC_OscConfig
    main.o(i.SystemClock_Config) refers to stm32f1xx_hal_rcc.o(i.HAL_RCC_ClockConfig) for HAL_RCC_ClockConfig
    main.o(i.main) refers to stm32f1xx_hal.o(i.HAL_Init) for HAL_Init
    main.o(i.main) refers to main.o(i.SystemClock_Config) for SystemClock_Config
    main.o(i.main) refers to gpio.o(i.MX_GPIO_Init) for MX_GPIO_Init
    main.o(i.main) refers to dma.o(i.MX_DMA_Init) for MX_DMA_Init
    main.o(i.main) refers to usart.o(i.MX_USART1_UART_Init) for MX_USART1_UART_Init
    main.o(i.main) refers to tim.o(i.MX_TIM4_Init) for MX_TIM4_Init
    main.o(i.main) refers to tim.o(i.MX_TIM3_Init) for MX_TIM3_Init
    main.o(i.main) refers to usart.o(i.MX_USART3_UART_Init) for MX_USART3_UART_Init
    main.o(i.main) refers to i2c.o(i.MX_I2C1_Init) for MX_I2C1_Init
    main.o(i.main) refers to usart.o(i.MX_USART2_UART_Init) for MX_USART2_UART_Init
    main.o(i.main) refers to stm32f1xx_hal_tim.o(i.HAL_TIM_PWM_Start) for HAL_TIM_PWM_Start
    main.o(i.main) refers to ap3216.o(i.ap3216_init) for ap3216_init
    main.o(i.main) refers to cmsis_os2.o(i.osKernelInitialize) for osKernelInitialize
    main.o(i.main) refers to freertos.o(i.MX_FREERTOS_Init) for MX_FREERTOS_Init
    main.o(i.main) refers to cmsis_os2.o(i.osKernelStart) for osKernelStart
    main.o(i.main) refers to tim.o(.bss) for htim3
    gpio.o(i.MX_GPIO_Init) refers to stm32f1xx_hal_gpio.o(i.HAL_GPIO_WritePin) for HAL_GPIO_WritePin
    gpio.o(i.MX_GPIO_Init) refers to stm32f1xx_hal_gpio.o(i.HAL_GPIO_Init) for HAL_GPIO_Init
    gpio.o(i.MX_GPIO_Init) refers to stm32f1xx_hal_cortex.o(i.HAL_NVIC_SetPriority) for HAL_NVIC_SetPriority
    gpio.o(i.MX_GPIO_Init) refers to stm32f1xx_hal_cortex.o(i.HAL_NVIC_EnableIRQ) for HAL_NVIC_EnableIRQ
    freertos.o(i.MX_FREERTOS_Init) refers to wifi_device.o(i.dma_receive_interrupt_init) for dma_receive_interrupt_init
    freertos.o(i.MX_FREERTOS_Init) refers to cmsis_os2.o(i.osThreadNew) for osThreadNew
    freertos.o(i.MX_FREERTOS_Init) refers to data_packet.o(i.task_receive_init) for task_receive_init
    freertos.o(i.MX_FREERTOS_Init) refers to wifi_device.o(i.send_AT_commend_task) for send_AT_commend_task
    freertos.o(i.MX_FREERTOS_Init) refers to freertos.o(.constdata) for .constdata
    freertos.o(i.MX_FREERTOS_Init) refers to freertos.o(i.StartDefaultTask) for StartDefaultTask
    freertos.o(i.MX_FREERTOS_Init) refers to freertos.o(.data) for .data
    freertos.o(i.StartDefaultTask) refers to receivedata.o(i.uart_interrupt_init) for uart_interrupt_init
    freertos.o(.constdata) refers to freertos.o(.conststring) for .conststring
[...]
    HAL_FLASH_Lock                           0x080019d5   Thumb Code    14  stm32f1xx_hal_flash.o(i.HAL_FLASH_Lock)
    HAL_FLASH_Program                        0x080019e9   Thumb Code   120  stm32f1xx_hal_flash.o(i.HAL_FLASH_Program)
    HAL_FLASH_Unlock                         0x08001a69   Thumb Code    28  stm32f1xx_hal_flash.o(i.HAL_FLASH_Unlock)
    HAL_GPIO_EXTI_Callback                   0x08001a91   Thumb Code    50  stm32_flash.o(i.HAL_GPIO_EXTI_Callback)
    HAL_GPIO_EXTI_IRQHandler                 0x08001afd   Thumb Code    18  stm32f1xx_hal_gpio.o(i.HAL_GPIO_EXTI_IRQHandler)
    HAL_GPIO_Init                            0x08001b15   Thumb Code   446  stm32f1xx_hal_gpio.o(i.HAL_GPIO_Init)
    HAL_GPIO_ReadPin                         0x08001cf5   Thumb Code    10  stm32f1xx_hal_gpio.o(i.HAL_GPIO_ReadPin)
    HAL_GPIO_WritePin                        0x08001cff   Thumb Code    10  stm32f1xx_hal_gpio.o(i.HAL_GPIO_WritePin)
    HAL_GetTick                              0x08001d09   Thumb Code     6  stm32f1xx_hal.o(i.HAL_GetTick)
    HAL_I2C_Init                             0x08001d15   Thumb Code   376  stm32f1xx_hal_i2c.o(i.HAL_I2C_Init)
    HAL_I2C_Master_Receive                   0x08001e9d   Thumb Code   576  stm32f1xx_hal_i2c.o(i.HAL_I2C_Master_Receive)
    HAL_I2C_Master_Transmit                  0x080020ed   Thumb Code   290  stm32f1xx_hal_i2c.o(i.HAL_I2C_Master_Transmit)
    HAL_I2C_MspInit                          0x08002219   Thumb Code    80  i2c.o(i.HAL_I2C_MspInit)
    HAL_IncTick                              0x08002275   Thumb Code    12  stm32f1xx_hal.o(i.HAL_IncTick)
    HAL_Init                                 0x08002285   Thumb Code    32  stm32f1xx_hal.o(i.HAL_Init)
    HAL_InitTick                             0x080022a9   Thumb Code   134  stm32f1xx_hal_timebase_tim.o(i.HAL_InitTick)
    HAL_MspInit                              0x08002341   Thumb Code    62  stm32f1xx_hal_msp.o(i.HAL_MspInit)
    HAL_NVIC_EnableIRQ                       0x08002389   Thumb Code    26  stm32f1xx_hal_cortex.o(i.HAL_NVIC_EnableIRQ)
    HAL_NVIC_SetPriority                     0x080023a5   Thumb Code    60  stm32f1xx_hal_cortex.o(i.HAL_NVIC_SetPriority)
    HAL_NVIC_SetPriorityGrouping             0x080023e5   Thumb Code    26  stm32f1xx_hal_cortex.o(i.HAL_NVIC_SetPriorityGrouping)
    HAL_NVIC_SystemReset                     0x08002409   Thumb Code    26  stm32f1xx_hal_cortex.o(i.HAL_NVIC_SystemReset)
    HAL_RCC_ClockConfig                      0x0800242d   Thumb Code   280  stm32f1xx_hal_rcc.o(i.HAL_RCC_ClockConfig)
    HAL_RCC_GetClockConfig                   0x08002559   Thumb Code    54  stm32f1xx_hal_rcc.o(i.HAL_RCC_GetClockConfig)
    HAL_RCC_GetPCLK1Freq                     0x08002599   Thumb Code    20  stm32f1xx_hal_rcc.o(i.HAL_RCC_GetPCLK1Freq)
    HAL_RCC_GetPCLK2Freq                     0x080025b9   Thumb Code    20  stm32f1xx_hal_rcc.o(i.HAL_RCC_GetPCLK2Freq)
    HAL_RCC_GetSysClockFreq                  0x080025d9   Thumb Code    58  stm32f1xx_hal_rcc.o(i.HAL_RCC_GetSysClockFreq)
    HAL_RCC_OscConfig                        0x08002625   Thumb Code   778  stm32f1xx_hal_rcc.o(i.HAL_RCC_OscConfig)
    HAL_TIMEx_BreakCallback                  0x08002945   Thumb Code     2  stm32f1xx_hal_tim_ex.o(i.HAL_TIMEx_BreakCallback)
    HAL_TIMEx_CommutCallback                 0x08002947   Thumb Code     2  stm32f1xx_hal_tim_ex.o(i.HAL_TIMEx_CommutCallback)
    HAL_TIMEx_MasterConfigSynchronization    0x08002949   Thumb Code    92  stm32f1xx_hal_tim_ex.o(i.HAL_TIMEx_MasterConfigSynchronization)
    HAL_TIM_Base_Init                        0x080029b1   Thumb Code    90  stm32f1xx_hal_tim.o(i.HAL_TIM_Base_Init)
    HAL_TIM_Base_MspInit                     0x08002a0d   Thumb Code    72  tim.o(i.HAL_TIM_Base_MspInit)
    HAL_TIM_Base_Start_IT                    0x08002a61   Thumb Code    76  stm32f1xx_hal_tim.o(i.HAL_TIM_Base_Start_IT)
    HAL_TIM_Base_Stop_IT                     0x08002ab9   Thumb Code    48  stm32f1xx_hal_tim.o(i.HAL_TIM_Base_Stop_IT)
    HAL_TIM_ConfigClockSource                0x08002ae9   Thumb Code   220  stm32f1xx_hal_tim.o(i.HAL_TIM_ConfigClockSource)
    HAL_TIM_IC_CaptureCallback               0x08002bc5   Thumb Code     2  stm32f1xx_hal_tim.o(i.HAL_TIM_IC_CaptureCallback)
    HAL_TIM_IRQHandler                       0x08002bc7   Thumb Code   358  stm32f1xx_hal_tim.o(i.HAL_TIM_IRQHandler)
    HAL_TIM_MspPostInit                      0x08002d2d   Thumb Code    80  tim.o(i.HAL_TIM_MspPostInit)
    HAL_TIM_OC_DelayElapsedCallback          0x08002d8d   Thumb Code     2  stm32f1xx_hal_tim.o(i.HAL_TIM_OC_DelayElapsedCallback)
    HAL_TIM_PWM_ConfigChannel                0x08002d8f   Thumb Code   204  stm32f1xx_hal_tim.o(i.HAL_TIM_PWM_ConfigChannel)
    HAL_TIM_PWM_Init                         0x08002e5b   Thumb Code    90  stm32f1xx_hal_tim.o(i.HAL_TIM_PWM_Init)
    HAL_TIM_PWM_MspInit                      0x08002eb5   Thumb Code     2  stm32f1xx_hal_tim.o(i.HAL_TIM_PWM_MspInit)
    HAL_TIM_PWM_PulseFinishedCallback        0x08002eb7   Thumb Code     2  stm32f1xx_hal_tim.o(i.HAL_TIM_PWM_PulseFinishedCallback)
    HAL_TIM_PWM_Start                        0x08002eb9   Thumb Code   144  stm32f1xx_hal_tim.o(i.HAL_TIM_PWM_Start)
    HAL_TIM_PWM_Stop                         0x08002f55   Thumb Code   108  stm32f1xx_hal_tim.o(i.HAL_TIM_PWM_Stop)
    HAL_TIM_PeriodElapsedCallback            0x08002fc5   Thumb Code    34  main.o(i.HAL_TIM_PeriodElapsedCallback)
    HAL_TIM_TriggerCallback                  0x08002fed   Thumb Code     2  stm32f1xx_hal_tim.o(i.HAL_TIM_TriggerCallback)
    HAL_UARTEx_ReceiveToIdle_DMA             0x08002fef   Thumb Code    78  stm32f1xx_hal_uart.o(i.HAL_UARTEx_ReceiveToIdle_DMA)
    HAL_UARTEx_ReceiveToIdle_IT              0x0800303d   Thumb Code    78  stm32f1xx_hal_uart.o(i.HAL_UARTEx_ReceiveToIdle_IT)
    HAL_UARTEx_RxEventCallback               0x0800308d   Thumb Code    40  receivedata.o(i.HAL_UARTEx_RxEventCallback)
    HAL_UART_ErrorCallback                   0x080030bd   Thumb Code     2  stm32f1xx_hal_uart.o(i.HAL_UART_ErrorCallback)
    HAL_UART_IRQHandler                      0x080030c1   Thumb Code   616  stm32f1xx_hal_uart.o(i.HAL_UART_IRQHandler)
    HAL_UART_Init                            0x0800332d   Thumb Code   100  stm32f1xx_hal_uart.o(i.HAL_UART_Init)
    HAL_UART_MspInit                         0x08003391   Thumb Code   356  usart.o(i.HAL_UART_MspInit)
    HAL_UART_RxCpltCallback                  0x08003515   Thumb Code     2  stm32f1xx_hal_uart.o(i.HAL_UART_RxCpltCallback)
    HAL_UART_RxHalfCpltCallback              0x08003517   Thumb Code     2  stm32f1xx_hal_uart.o(i.HAL_UART_RxHalfCpltCallback)
    HAL_UART_Transmit                        0x08003519   Thumb Code   154  stm32f1xx_hal_uart.o(i.HAL_UART_Transmit)
    HAL_UART_Transmit_DMA                    0x080035b5   Thumb Code   106  stm32f1xx_hal_uart.o(i.HAL_UART_Transmit_DMA)
    HAL_UART_TxCpltCallback                  0x0800362d   Thumb Code     2  stm32f1xx_hal_uart.o(i.HAL_UART_TxCpltCallback)
    HAL_UART_TxHalfCpltCallback              0x0800362f   Thumb Code     2  stm32f1xx_hal_uart.o(i.HAL_UART_TxHalfCpltCallback)
    HardFault_Handler                        0x08003631   Thumb Code     2  stm32f1xx_it.o(i.HardFault_Handler)
    MQTTDeserialize_publish                  0x08003a53   Thumb Code   140  mqttdeserializepublish.o(i.MQTTDeserialize_publish)
    MQTTPacket_decode                        0x08003adf   Thumb Code    54  mqttpacket.o(i.MQTTPacket_decode)
    MQTTPacket_decodeBuf                     0x08003b15   Thumb Code    10  mqttpacket.o(i.MQTTPacket_decodeBuf)
    MQTTPacket_encode                        0x08003b29   Thumb Code    42  mqttpacket.o(i.MQTTPacket_encode)
    MQTTPacket_len                           0x08003b55   Thumb Code    34  mqttpacket.o(i.MQTTPacket_len)
    MQTTPacket_read                          0x08003b7d   Thumb Code    78  mqttpacket.o(i.MQTTPacket_read)
    MQTTSerialize_connect                    0x08003bcd   Thumb Code   262  mqttconnectclient.o(i.MQTTSerialize_connect)
    MQTTSerialize_connectLength              0x08003ce5   Thumb Code   118  mqttconnectclient.o(i.MQTTSerialize_connectLength)
    MQTTSerialize_publish                    0x08003d5b   Thumb Code   134  mqttserializepublish.o(i.MQTTSerialize_publish)
    MQTTSerialize_publishLength              0x08003de1   Thumb Code    30  mqttserializepublish.o(i.MQTTSerialize_publishLength)
    MQTTSerialize_subscribe                  0x08003e01   Thumb Code   140  mqttsubscribeclient.o(i.MQTTSerialize_subscribe)
    MQTTSerialize_subscribeLength            0x08003e8d   Thumb Code    46  mqttsubscribeclient.o(i.MQTTSerialize_subscribeLength)
    MQTTstrlen                               0x08003ebb   Thumb Code    14  mqttpacket.o(i.MQTTstrlen)
    MX_DMA_Init                              0x08003ec9   Thumb Code    56  dma.o(i.MX_DMA_Init)
    MX_FREERTOS_Init                         0x08003f05   Thumb Code    32  freertos.o(i.MX_FREERTOS_Init)
    MX_GPIO_Init                             0x08003f31   Thumb Code   154  gpio.o(i.MX_GPIO_Init)
    MX_I2C1_Init                             0x08003fd9   Thumb Code    50  i2c.o(i.MX_I2C1_Init)
    MX_TIM3_Init                             0x08004019   Thumb Code   146  tim.o(i.MX_TIM3_Init)
    MX_TIM4_Init                             0x080040b5   Thumb Code    96  tim.o(i.MX_TIM4_Init)
    MX_USART1_UART_Init                      0x0800411d   Thumb Code    48  usart.o(i.MX_USART1_UART_Init)
    MX_USART2_UART_Init                      0x08004155   Thumb Code    48  usart.o(i.MX_USART2_UART_Init)
    MX_USART3_UART_Init                      0x0800418d   Thumb Code    48  usart.o(i.MX_USART3_UART_Init)
    MemManage_Handler                        0x080041c5   Thumb Code     2  stm32f1xx_it.o(i.MemManage_Handler)
    NMI_Handler                              0x080041c7   Thumb Code     2  stm32f1xx_it.o(i.NMI_Handler)
    StartDefaultTask                         0x080041c9   Thumb Code     6  freertos.o(i.StartDefaultTask)
    SysTick_Handler                          0x080041d1   Thumb Code    38  port.o(i.SysTick_Handler)
    SystemClock_Config                       0x080041fd   Thumb Code    94  main.o(i.SystemClock_Config)
    SystemInit                               0x0800425b   Thumb Code     2  system_stm32f1xx.o(i.SystemInit)
    TIM2_IRQHandler                          0x0800425d   Thumb Code     6  stm32f1xx_it.o(i.TIM2_IRQHandler)
    TIM4_IRQHandler                          0x08004269   Thumb Code     6  stm32f1xx_it.o(i.TIM4_IRQHandler)
    TIM_Base_SetConfig                       0x08004275   Thumb Code    94  stm32f1xx_hal_tim.o(i.TIM_Base_SetConfig)
    TIM_CCxChannelCmd                        0x080042e1   Thumb Code    26  stm32f1xx_hal_tim.o(i.TIM_CCxChannelCmd)
    TIM_ETR_SetConfig                        0x080042fb   Thumb Code    20  stm32f1xx_hal_tim.o(i.TIM_ETR_SetConfig)
    TIM_OC2_SetConfig                        0x08004371   Thumb Code    84  stm32f1xx_hal_tim.o(i.TIM_OC2_SetConfig)
    Transmit_i2c_data                        0x080044ad   Thumb Code    38  ap3216.o(i.Transmit_i2c_data)
    UART_Start_Receive_DMA                   0x08004829   Thumb Code   130  stm32f1xx_hal_uart.o(i.UART_Start_Receive_DMA)
    UART_Start_Receive_IT                    0x080048b9   Thumb Code    54  stm32f1xx_hal_uart.o(i.UART_Start_Receive_IT)
    USART1_IRQHandler                        0x08004969   Thumb Code     6  stm32f1xx_it.o(i.USART1_IRQHandler)
    USART3_IRQHandler                        0x08004975   Thumb Code     6  stm32f1xx_it.o(i.USART3_IRQHandler)
    UsageFault_Handler                       0x08004981   Thumb Code     2  stm32f1xx_it.o(i.UsageFault_Handler)
    __0printf                                0x08004985   Thumb Code    22  printfa.o(i.__0printf)
    __1printf                                0x08004985   Thumb Code     0  printfa.o(i.__0printf)
    __2printf                                0x08004985   Thumb Code     0  printfa.o(i.__0printf)
    __c89printf                              0x08004985   Thumb Code     0  printfa.o(i.__0printf)
    printf                                   0x08004985   Thumb Code     0  printfa.o(i.__0printf)
    __0snprintf                              0x080049a5   Thumb Code    48  printfa.o(i.__0snprintf)
    __1snprintf                              0x080049a5   Thumb Code     0  printfa.o(i.__0snprintf)
    __2snprintf                              0x080049a5   Thumb Code     0  printfa.o(i.__0snprintf)
    __c89snprintf                            0x080049a5   Thumb Code     0  printfa.o(i.__0snprintf)
    snprintf                                 0x080049a5   Thumb Code     0  printfa.o(i.__0snprintf)
    __0sprintf                               0x080049d9   Thumb Code    34  printfa.o(i.__0sprintf)
    __1sprintf                               0x080049d9   Thumb Code     0  printfa.o(i.__0sprintf)
    __2sprintf                               0x080049d9   Thumb Code     0  printfa.o(i.__0sprintf)
    __c89sprintf                             0x080049d9   Thumb Code     0  printfa.o(i.__0sprintf)
    sprintf                                  0x080049d9   Thumb Code     0  printfa.o(i.__0sprintf)
    __aeabi_errno_addr                       0x08004a21   Thumb Code     4  errno.o(i.__aeabi_errno_addr)
    __rt_errno_addr                          0x08004a21   Thumb Code     0  errno.o(i.__aeabi_errno_addr)
    free                                     0x08004a29   Thumb Code    88  mallocr.o(i.__free$realloc)
    malloc                                   0x08004a85   Thumb Code    64  mallocr.o(i.__malloc$realloc)
    __scatterload_copy                       0x08004ad5   Thumb Code    14  handlers.o(i.__scatterload_copy)
    __scatterload_null                       0x08004ae3   Thumb Code     2  handlers.o(i.__scatterload_null)
    __scatterload_zeroinit                   0x08004ae5   Thumb Code    14  handlers.o(i.__scatterload_zeroinit)
    _is_digit                                0x08004c79   Thumb Code    14  scanf_fp.o(i._is_digit)
    ack_correct_protocol_packet              0x080053b1   Thumb Code   160  data_packet.o(i.ack_correct_protocol_packet)
    ack_error_protocol_packet                0x0800548d   Thumb Code    84  data_packet.o(i.ack_error_protocol_packet)
    ap3216_init                              0x0800556d   Thumb Code    48  ap3216.o(i.ap3216_init)
    bufchar                                  0x080055ad   Thumb Code    30  mqttpacket.o(i.bufchar)
    cJSON_AddItemToObject                    0x08005601   Thumb Code    14  cjson.o(i.cJSON_AddItemToObject)
    cJSON_AddNumberToObject                  0x08005615   Thumb Code    46  cjson.o(i.cJSON_AddNumberToObject)
    cJSON_AddStringToObject                  0x08005649   Thumb Code    44  cjson.o(i.cJSON_AddStringToObject)
    cJSON_CreateNumber                       0x08005679   Thumb Code    78  cjson.o(i.cJSON_CreateNumber)
    cJSON_CreateObject                       0x080056d9   Thumb Code    18  cjson.o(i.cJSON_CreateObject)
    cJSON_CreateString                       0x080056f1   Thumb Code    44  cjson.o(i.cJSON_CreateString)
    cJSON_Delete                             0x08005721   Thumb Code    76  cjson.o(i.cJSON_Delete)
    cJSON_GetErrorPtr                        0x08005771   Thumb Code    10  cjson.o(i.cJSON_GetErrorPtr)
    cJSON_GetObjectItem                      0x08005781   Thumb Code     6  cjson.o(i.cJSON_GetObjectItem)
    cJSON_IsString                           0x08005787   Thumb Code    18  cjson.o(i.cJSON_IsString)
    cJSON_Parse                              0x080057af   Thumb Code     8  cjson.o(i.cJSON_Parse)
    cJSON_ParseWithLengthOpts                0x080057b9   Thumb Code   210  cjson.o(i.cJSON_ParseWithLengthOpts)
    cJSON_ParseWithOpts                      0x08005895   Thumb Code    34  cjson.o(i.cJSON_ParseWithOpts)
    cJSON_PrintUnformatted                   0x080058b9   Thumb Code     8  cjson.o(i.cJSON_PrintUnformatted)
    cJSON_free                               0x080058c5   Thumb Code     6  cjson.o(i.cJSON_free)
    clean_queue                              0x080058f9   Thumb Code    46  esp8266_wifi_config.o(i.clean_queue)
    close_doorlock                           0x08005945   Thumb Code    22  doorlock_process_fun.o(i.close_doorlock)
    close_electrical                         0x08005961   Thumb Code    18  electrical_process_fun.o(i.close_electrical)
    dma_receive_interrupt_init               0x080059d1   Thumb Code    28  wifi_device.o(i.dma_receive_interrupt_init)
    dma_send_AT_commend_fun                  0x080059f9   Thumb Code    40  wifi_device.o(i.dma_send_AT_commend_fun)
    doorlock_processing_function             0x08005a49   Thumb Code    48  doorlock_process_fun.o(i.doorlock_processing_function)
    electrical_processing_function           0x08005a7d   Thumb Code    48  electrical_process_fun.o(i.electrical_processing_function)
    erase_Flash                              0x08005b3d   Thumb Code    62  stm32_flash.o(i.erase_Flash)
    esp8266_Exit_transparent_transmission    0x08005bc9   Thumb Code   434  esp8266_wifi_config.o(i.esp8266_Exit_transparent_transmission)
    esp8266_dma_receive_ack_data             0x08005e89   Thumb Code    92  wifi_device.o(i.esp8266_dma_receive_ack_data)
    esp8266_enter_ap_mode                    0x08005f79   Thumb Code   256  esp8266_wifi_config.o(i.esp8266_enter_ap_mode)
    esp8266_enter_station_mode               0x08006171   Thumb Code   508  esp8266_wifi_config.o(i.esp8266_enter_station_mode)
    esp_8266_creat_tcp_server                0x080064dd   Thumb Code   248  esp8266_wifi_config.o(i.esp_8266_creat_tcp_server)
    flash_read_data                          0x080066dd   Thumb Code    16  stm32_flash.o(i.flash_read_data)
    flash_write_data                         0x080066ed   Thumb Code   140  stm32_flash.o(i.flash_write_data)
    fputc                                    0x08006811   Thumb Code    22  usart.o(i.fputc)
    get_data                                 0x0800682d   Thumb Code    50  ap3216.o(i.get_data)
    get_send_data                            0x080068ed   Thumb Code    66  wifi_device.o(i.get_send_data)
    main                                     0x08006981   Thumb Code    66  main.o(i.main)
    modbus_crc_fast                          0x080069c9   Thumb Code    38  crc16.o(i.modbus_crc_fast)
    mqtt_connect                             0x080069f5   Thumb Code   150  local_mqtt.o(i.mqtt_connect)
    mqtt_receive_subscribe_data              0x08006ba9   Thumb Code    98  local_mqtt.o(i.mqtt_receive_subscribe_data)
    mqtt_response_json_str_protocol_packet   0x08006c61   Thumb Code   420  local_mqtt.o(i.mqtt_response_json_str_protocol_packet)
    mqtt_subscribe                           0x08006fdd   Thumb Code   116  local_mqtt.o(i.mqtt_subscribe)
    mqtt_transport_open                      0x080070f5   Thumb Code   428  local_mqtt.o(i.mqtt_transport_open)
    open_doorlock                            0x0800742d   Thumb Code    22  doorlock_process_fun.o(i.open_doorlock)
    open_electrical                          0x08007449   Thumb Code    18  electrical_process_fun.o(i.open_electrical)
    osKernelInitialize                       0x08007461   Thumb Code    50  cmsis_os2.o(i.osKernelInitialize)
    osKernelStart                            0x08007499   Thumb Code    58  cmsis_os2.o(i.osKernelStart)
    osThreadNew                              0x080074d9   Thumb Code   160  cmsis_os2.o(i.osThreadNew)
    parse_nested_json                        0x0800768d   Thumb Code   376  jsonparse.o(i.parse_nested_json)
    parse_packet_conent                      0x08007bc5   Thumb Code    54  receivedata.o(i.parse_packet_conent)
    parse_protocol_head                      0x08007c29   Thumb Code    34  receivedata.o(i.parse_protocol_head)
    parse_temp_humi                          0x08007d5d   Thumb Code   100  data_packet.o(i.parse_temp_humi)
    pvPortMalloc                             0x08008b75   Thumb Code   210  heap_4.o(i.pvPortMalloc)
    pxPortInitialiseStack                    0x08008c4d   Thumb Code    32  port.o(i.pxPortInitialiseStack)
    query_doorlock                           0x08008c71   Thumb Code    34  doorlock_process_fun.o(i.query_doorlock)
    query_electrical                         0x08008c99   Thumb Code    26  electrical_process_fun.o(i.query_electrical)
    query_sensor                             0x08008cb9   Thumb Code    58  sensor_process_fun.o(i.query_sensor)
    query_sensor_DHT11                       0x08008d4d   Thumb Code   108  sensor_process_fun.o(i.query_sensor_DHT11)
    queue_store_init                         0x08008e81   Thumb Code    32  data_packet.o(i.queue_store_init)
    readChar                                 0x08008ed1   Thumb Code    12  mqttpacket.o(i.readChar)
    readInt                                  0x08008edd   Thumb Code    18  mqttpacket.o(i.readInt)
    readMQTTLenString                        0x08008eef   Thumb Code    52  mqttpacket.o(i.readMQTTLenString)
    read_data                                0x08008f25   Thumb Code    62  ap3216.o(i.read_data)
    read_ssid_pwd_from_flash                 0x08008fa5   Thumb Code   140  stm32_flash.o(i.read_ssid_pwd_from_flash)
    realloc                                  0x080090cd   Thumb Code   102  mallocr.o(i.realloc)
    receive_data                             0x08009139   Thumb Code    78  receivedata.o(i.receive_data)
    reset_esp8266                            0x08009195   Thumb Code   212  esp8266_wifi_config.o(i.reset_esp8266)
    reset_rxbuffer                           0x080092d5   Thumb Code    26  receivedata.o(i.reset_rxbuffer)
    response_protocol_packet                 0x080092fd   Thumb Code    32  data_packet.o(i.response_protocol_packet)
    saveData_ssid_pwd_To_flash               0x08009341   Thumb Code    78  stm32_flash.o(i.saveData_ssid_pwd_To_flash)
    send_AT_commend_task                     0x080093dd   Thumb Code    72  wifi_device.o(i.send_AT_commend_task)
    send_mqtt_protocol                       0x08009491   Thumb Code     4  local_mqtt.o(i.send_mqtt_protocol)
    sensor_processing_function               0x08009495   Thumb Code    62  sensor_process_fun.o(i.sensor_processing_function)
    show_protocol                            0x080094f9   Thumb Code    42  data_packet.o(i.show_protocol)
    start_TIM                                0x08009539   Thumb Code    36  receivedata.o(i.start_TIM)
    strtod                                   0x08009565   Thumb Code    28  strtod.o(i.strtod)
    task_data_receive_fun                    0x08009581   Thumb Code   258  data_packet.o(i.task_data_receive_fun)
    task_receive_init                        0x08009735   Thumb Code    48  data_packet.o(i.task_receive_init)
    timeout_reset                            0x080097ad   Thumb Code    22  receivedata.o(i.timeout_reset)
    transport_getdata                        0x080097d5   Thumb Code    10  local_mqtt.o(i.transport_getdata)
    transport_getdata_block_mode             0x080097df   Thumb Code    10  local_mqtt.o(i.transport_getdata_block_mode)
    uart3_send_AT_commend_taskfun            0x080097e9   Thumb Code   158  wifi_device.o(i.uart3_send_AT_commend_taskfun)
    uart_dma_receivedata                     0x08009959   Thumb Code    62  wifi_device.o(i.uart_dma_receivedata)
    uart_interrupt_init                      0x080099e9   Thumb Code    10  receivedata.o(i.uart_interrupt_init)
    uart_send_cmd                            0x080099fd   Thumb Code   170  data_packet.o(i.uart_send_cmd)
    uxListRemove                             0x08009c03   Thumb Code    38  list.o(i.uxListRemove)
    uxQueueMessagesWaiting                   0x08009c29   Thumb Code    36  queue.o(i.uxQueueMessagesWaiting)
    vApplicationGetIdleTaskMemory            0x08009c4d   Thumb Code    16  cmsis_os2.o(i.vApplicationGetIdleTaskMemory)
    vApplicationGetTimerTaskMemory           0x08009c61   Thumb Code    18  cmsis_os2.o(i.vApplicationGetTimerTaskMemory)
    vListInitialise                          0x08009c79   Thumb Code    22  list.o(i.vListInitialise)
    vListInitialiseItem                      0x08009c8f   Thumb Code     6  list.o(i.vListInitialiseItem)
    vListInsert                              0x08009c95   Thumb Code    48  list.o(i.vListInsert)
    vListInsertEnd                           0x08009cc5   Thumb Code    24  list.o(i.vListInsertEnd)
    vPortEnterCritical                       0x08009cdd   Thumb Code    54  port.o(i.vPortEnterCritical)
    vPortExitCritical                        0x08009d1d   Thumb Code    34  port.o(i.vPortExitCritical)
    vPortFree                                0x08009d45   Thumb Code    88  heap_4.o(i.vPortFree)
    vPortSetupTimerInterrupt                 0x08009da1   Thumb Code    32  port.o(i.vPortSetupTimerInterrupt)
    vPortValidateInterruptPriority           0x08009dc5   Thumb Code    74  port.o(i.vPortValidateInterruptPriority)
    vQueueAddToRegistry                      0x08009e19   Thumb Code    34  queue.o(i.vQueueAddToRegistry)
    vQueueDelete                             0x08009e41   Thumb Code    46  queue.o(i.vQueueDelete)
    vQueueUnregisterQueue                    0x08009e71   Thumb Code    36  queue.o(i.vQueueUnregisterQueue)
    vQueueWaitForMessageRestricted           0x08009e99   Thumb Code    68  queue.o(i.vQueueWaitForMessageRestricted)
    vTaskDelay                               0x08009edd   Thumb Code    66  tasks.o(i.vTaskDelay)
    vTaskInternalSetTimeOutState             0x08009f29   Thumb Code    12  tasks.o(i.vTaskInternalSetTimeOutState)
    vTaskMissedYield                         0x08009f39   Thumb Code     8  tasks.o(i.vTaskMissedYield)
    vTaskPlaceOnEventList                    0x08009f45   Thumb Code    44  tasks.o(i.vTaskPlaceOnEventList)
    vTaskPlaceOnEventListRestricted          0x08009f75   Thumb Code    52  tasks.o(i.vTaskPlaceOnEventListRestricted)
    vTaskStartScheduler                      0x08009fad   Thumb Code   118  tasks.o(i.vTaskStartScheduler)
    vTaskSuspendAll                          0x0800a035   Thumb Code    10  tasks.o(i.vTaskSuspendAll)
    vTaskSwitchContext                       0x0800a045   Thumb Code    90  tasks.o(i.vTaskSwitchContext)
    wait_user_config_network                 0x0800a0a9   Thumb Code   298  esp8266_wifi_config.o(i.wait_user_config_network)
    writeCString                             0x0800a3ed   Thumb Code    40  mqttpacket.o(i.writeCString)
    writeChar                                0x0800a415   Thumb Code    12  mqttpacket.o(i.writeChar)
    writeInt                                 0x0800a421   Thumb Code    30  mqttpacket.o(i.writeInt)
    writeMQTTString                          0x0800a43f   Thumb Code    54  mqttpacket.o(i.writeMQTTString)
    xPortStartScheduler                      0x0800a475   Thumb Code   154  port.o(i.xPortStartScheduler)
    xQueueGenericCreate                      0x0800a51d   Thumb Code    72  queue.o(i.xQueueGenericCreate)
    xQueueGenericCreateStatic                0x0800a565   Thumb Code   102  queue.o(i.xQueueGenericCreateStatic)
    xQueueGenericReset                       0x0800a5cd   Thumb Code   132  queue.o(i.xQueueGenericReset)
    xQueueGenericSend                        0x0800a655   Thumb Code   346  queue.o(i.xQueueGenericSend)
    xQueueGenericSendFromISR                 0x0800a7b5   Thumb Code   188  queue.o(i.xQueueGenericSendFromISR)
    xQueueReceive                            0x0800a871   Thumb Code   308  queue.o(i.xQueueReceive)
    xTaskCheckForTimeOut                     0x0800a9a9   Thumb Code   112  tasks.o(i.xTaskCheckForTimeOut)
    xTaskCreate                              0x0800aa1d   Thumb Code    90  tasks.o(i.xTaskCreate)
    xTaskCreateStatic                        0x0800aa77   Thumb Code    86  tasks.o(i.xTaskCreateStatic)
    xTaskGetSchedulerState                   0x0800aacd   Thumb Code    22  tasks.o(i.xTaskGetSchedulerState)
    xTaskGetTickCount                        0x0800aae9   Thumb Code     6  tasks.o(i.xTaskGetTickCount)
    xTaskIncrementTick                       0x0800aaf5   Thumb Code   190  tasks.o(i.xTaskIncrementTick)
    xTaskPriorityDisinherit                  0x0800abbd   Thumb Code   118  tasks.o(i.xTaskPriorityDisinherit)
    xTaskRemoveFromEventList                 0x0800ac3d   Thumb Code    98  tasks.o(i.xTaskRemoveFromEventList)
    xTaskResumeAll                           0x0800acad   Thumb Code   182  tasks.o(i.xTaskResumeAll)
    xTimerCreateTimerTask                    0x0800ad71   Thumb Code    78  timers.o(i.xTimerCreateTimerTask)
    xTimerGenericCommand                     0x0800add1   Thumb Code    98  timers.o(i.xTimerGenericCommand)
    defaultTask_attributes                   0x0800ae38   Data          36  freertos.o(.constdata)
    AHBPrescTable                            0x0800ae6e   Data          16  system_stm32f1xx.o(.constdata)
    APBPrescTable                            0x0800ae7e   Data           8  system_stm32f1xx.o(.constdata)
    __ctype_table                            0x0800b3e0   Data         129  ctype_o.o(.constdata)
    Region$$Table$$Base                      0x0800b474   Number         0  anon$$obj.o(Region$$Table)
    Region$$Table$$Limit                     0x0800b494   Number         0  anon$$obj.o(Region$$Table)
    defaultTaskHandle                        0x20000000   Data           4  freertos.o(.data)
    uwTickFreq                               0x20000004   Data           1  stm32f1xx_hal.o(.data)
    uwTickPrio                               0x20000008   Data           4  stm32f1xx_hal.o(.data)
    uwTick                                   0x2000000c   Data           4  stm32f1xx_hal.o(.data)
    SystemCoreClock                          0x20000010   Data           4  system_stm32f1xx.o(.data)
    pxCurrentTCB                             0x20000014   Data           4  tasks.o(.data)
    actual_received_byte_length              0x2000008c   Data           4  receivedata.o(.data)
    packet_data_length                       0x20000090   Data           4  receivedata.o(.data)
    pos                                      0x20000094   Data           4  receivedata.o(.data)
    rec_task_handle                          0x20000098   Data           4  data_packet.o(.data)
    rec_queue_handle                         0x2000009c   Data           4  data_packet.o(.data)
    device_processing_fun                    0x200000a0   Data          12  data_packet.o(.data)
    doorlock_Operate_Num                     0x200000ac   Data          24  doorlock_process_fun.o(.data)
    sensor_Operate_Num                       0x200000c4   Data          24  sensor_process_fun.o(.data)
    electrical_Operate_Num                   0x200000dc   Data          24  electrical_process_fun.o(.data)
    ap3216i2c                                0x200000f4   Data           4  ap3216.o(.data)
    uart3_tx_sem                             0x200000f8   Data           4  wifi_device.o(.data)
    send_AT_handle                           0x200000fc   Data           4  wifi_device.o(.data)
    receive_queue_handle                     0x20000100   Data           4  wifi_device.o(.data)
    earse_flag                               0x20000104   Data           4  stm32_flash.o(.data)
    flash_task_Handle                        0x20000108   Data           4  stm32_flash.o(.data)
    __stdout                                 0x20000124   Data           4  stdout.o(.data)
    __microlib_freelist                      0x20000128   Data           4  mvars.o(.data)
    __microlib_freelist_initialised          0x2000012c   Data           4  mvars.o(.data)
    hi2c1                                    0x20000134   Data          84  i2c.o(.bss)
    htim3                                    0x20000188   Data          72  tim.o(.bss)
    htim4                                    0x200001d0   Data          72  tim.o(.bss)
    huart1                                   0x20000218   Data          72  usart.o(.bss)
    huart2                                   0x20000260   Data          72  usart.o(.bss)
    huart3                                   0x200002a8   Data          72  usart.o(.bss)
    hdma_usart3_rx                           0x200002f0   Data          68  usart.o(.bss)
    hdma_usart3_tx                           0x20000334   Data          68  usart.o(.bss)
    htim2                                    0x20000378   Data          72  stm32f1xx_hal_timebase_tim.o(.bss)
    pFlash                                   0x200003c0   Data          32  stm32f1xx_hal_flash.o(.bss)
    xQueueRegistry                           0x200003e0   Data          64  queue.o(.bss)
    rx_buffer                                0x200028b4   Data          64  receivedata.o(.bss)
    uart_rx_buf                              0x200028f4   Data          32  data_packet.o(.bss)
    temp_humi_result                         0x20002914   Data          16  data_packet.o(.bss)
    uart3_rx_buffer                          0x20002924   Data         512  wifi_device.o(.bss)
    __heap_base                              0x20002b28   Data           0  startup_stm32f103xb.o(HEAP)
    __heap_limit                             0x20003328   Data           0  startup_stm32f103xb.o(HEAP)
    __initial_sp                             0x20003728   Data           0  startup_stm32f103xb.o(STACK)



==============================================================================

Memory Map of the image

  Image Entry point : 0x080000ed

  Load Region LR_IROM1 (Base: 0x08000000, Size: 0x0000b5c8, Max: 0x00010000, ABSOLUTE, COMPRESSED[0x0000b4dc])

    Execution Region ER_IROM1 (Exec base: 0x08000000, Load base: 0x08000000, Size: 0x0000b494, Max: 0x00010000, ABSOLUTE)

    Exec Addr    Load Addr    Size         Type   Attr      Idx    E Section Name        Object

    0x08000000   0x08000000   0x000000ec   Data   RO            3    RESET               startup_stm32f103xb.o
    0x080000ec   0x080000ec   0x00000000   Code   RO         6909  * .ARM.Collect$$$$00000000  mc_w.l(entry.o)
    0x080000ec   0x080000ec   0x00000004   Code   RO         7253    .ARM.Collect$$$$00000001  mc_w.l(entry2.o)
    0x080000f0   0x080000f0   0x00000004   Code   RO         7256    .ARM.Collect$$$$00000004  mc_w.l(entry5.o)
    0x080000f4   0x080000f4   0x00000000   Code   RO         7258    .ARM.Collect$$$$00000008  mc_w.l(entry7b.o)
    0x080000f4   0x080000f4   0x00000000   Code   RO         7260    .ARM.Collect$$$$0000000A  mc_w.l(entry8b.o)
    0x080000f4   0x080000f4   0x00000008   Code   RO         7261    .ARM.Collect$$$$0000000B  mc_w.l(entry9a.o)
    0x080000fc   0x080000fc   0x00000004   Code   RO         7268    .ARM.Collect$$$$0000000E  mc_w.l(entry12b.o)
    0x08000100   0x08000100   0x00000000   Code   RO         7263    .ARM.Collect$$$$0000000F  mc_w.l(entry10a.o)
    0x08000100   0x08000100   0x00000000   Code   RO         7265    .ARM.Collect$$$$00000011  mc_w.l(entry11a.o)
    0x08000100   0x08000100   0x00000004   Code   RO         7254    .ARM.Collect$$$$00002712  mc_w.l(entry2.o)
    0x08000104   0x08000104   0x00000096   Code   RO         4977    .emb_text           port.o
    0x0800019a   0x0800019a   0x00000002   PAD
    0x0800019c   0x0800019c   0x00000004   Code   RO         5093    .rev16_text         receivedata.o
    0x080001a0   0x080001a0   0x00000004   Code   RO         5184    .rev16_text         data_packet.o
    0x080001a4   0x080001a4   0x00000024   Code   RO            4    .text               startup_stm32f103xb.o
    0x080001c8   0x080001c8   0x00000020   Code   RO         6912    .text               mc_w.l(llushr.o)
    0x080001e8   0x080001e8   0x0000000c   Code   RO         6914    .text               mc_w.l(tolower.o)
    0x080001f4   0x080001f4   0x00000024   Code   RO         6916    .text               mc_w.l(memcpya.o)
    0x08000218   0x08000218   0x00000024   Code   RO         6920    .text               mc_w.l(memseta.o)
    0x0800023c   0x0800023c   0x00000024   Code   RO         6922    .text               mc_w.l(strstr.o)
    0x08000260   0x08000260   0x00000018   Code   RO         6924    .text               mc_w.l(strncpy.o)
    0x08000278   0x08000278   0x0000000e   Code   RO         6926    .text               mc_w.l(strlen.o)
    0x08000286   0x08000286   0x0000001c   Code   RO         6928    .text               mc_w.l(strcmp.o)
    0x080002a2   0x080002a2   0x00000012   Code   RO         6932    .text               mc_w.l(strcpy.o)
    0x080002b4   0x080002b4   0x0000001e   Code   RO         6934    .text               mc_w.l(strncmp.o)
    0x080002d2   0x080002d2   0x00000002   PAD
    0x080002d4   0x080002d4   0x00000038   Code   RO         7227    .text               mc_w.l(__0sscanf.o)
    0x0800030c   0x0800030c   0x000000e0   Code   RO         7229    .text               mc_w.l(_scanf_str.o)
    0x080003ec   0x080003ec   0x00000360   Code   RO         7231    .text               mc_w.l(scanf_fp.o)
    0x0800074c   0x0800074c   0x00000070   Code   RO         7235    .text               mc_w.l(strtol.o)
    0x080007bc   0x080007bc   0x0000014e   Code   RO         7237    .text               mf_w.l(dadd.o)
    0x0800090a   0x0800090a   0x0000002e   Code   RO         7239    .text               mf_w.l(dscalb.o)
    0x08000938   0x08000938   0x00000022   Code   RO         7241    .text               mf_w.l(dflti.o)
    0x0800095a   0x0800095a   0x0000001a   Code   RO         7243    .text               mf_w.l(dfltui.o)
    0x08000974   0x08000974   0x0000003e   Code   RO         7245    .text               mf_w.l(dfixi.o)
    0x080009b2   0x080009b2   0x00000002   PAD
    0x080009b4   0x080009b4   0x00000030   Code   RO         7249    .text               mf_w.l(cdcmple.o)
    0x080009e4   0x080009e4   0x00000030   Code   RO         7251    .text               mf_w.l(cdrcmple.o)
    0x08000a14   0x08000a14   0x0000002c   Code   RO         7270    .text               mc_w.l(uidiv.o)
    0x08000a40   0x08000a40   0x00000062   Code   RO         7272    .text               mc_w.l(uldiv.o)
    0x08000aa2   0x08000aa2   0x0000001e   Code   RO         7274    .text               mc_w.l(llshl.o)
    0x08000ac0   0x08000ac0   0x00000024   Code   RO         7276    .text               mc_w.l(llsshr.o)
    0x08000ae4   0x08000ae4   0x00000008   Code   RO         7278    .text               mc_w.l(ctype_o.o)
    0x08000aec   0x08000aec   0x00000012   Code   RO         7300    .text               mc_w.l(isspace_o.o)
    0x08000afe   0x08000afe   0x00000002   PAD
    0x08000b00   0x08000b00   0x00000028   Code   RO         7315    .text               mc_w.l(scanf_char.o)
    0x08000b28   0x08000b28   0x00000040   Code   RO         7317    .text               mc_w.l(_sgetc.o)
    0x08000b68   0x08000b68   0x0000009e   Code   RO         7319    .text               mc_w.l(_strtoul.o)
    0x08000c06   0x08000c06   0x00000002   PAD
    0x08000c08   0x08000c08   0x0000009c   Code   RO         7321    .text               mc_w.l(strtod.o)
    0x08000ca4   0x08000ca4   0x00000000   Code   RO         7323    .text               mc_w.l(iusefp.o)
    0x08000ca4   0x08000ca4   0x000000ba   Code   RO         7324    .text               mf_w.l(depilogue.o)
    0x08000d5e   0x08000d5e   0x000000e4   Code   RO         7326    .text               mf_w.l(dmul.o)
    0x08000e42   0x08000e42   0x000000de   Code   RO         7328    .text               mf_w.l(ddiv.o)
    0x08000f20   0x08000f20   0x00000018   Code   RO         7330    .text               mf_w.l(dfltul.o)
    0x08000f38   0x08000f38   0x00000030   Code   RO         7332    .text               mf_w.l(dfixul.o)
    0x08000f68   0x08000f68   0x00000038   Code   RO         7334    .text               mf_w.l(d2f.o)
    0x08000fa0   0x08000fa0   0x00000024   Code   RO         7336    .text               mc_w.l(init.o)
    0x08000fc4   0x08000fc4   0x0000001c   Code   RO         7340    .text               mc_w.l(_chval.o)
    0x08000fe0   0x08000fe0   0x00000330   Code   RO         7342    .text               mc_w.l(_scanf.o)
    0x08001310   0x08001310   0x0000006e   Code   RO         7344    .text               mf_w.l(fepilogue.o)
    0x0800137e   0x0800137e   0x00000056   Code   RO         7357    .text               mc_w.l(__dczerorl2.o)
    0x080013d4   0x080013d4   0x00000002   Code   RO          451    i.BusFault_Handler  stm32f1xx_it.o
    0x080013d6   0x080013d6   0x00000002   PAD
    0x080013d8   0x080013d8   0x000000cc   Code   RO         5187    i.DHT11_DH          data_packet.o
    0x080014a4   0x080014a4   0x0000000c   Code   RO          452    i.DMA1_Channel2_IRQHandler  stm32f1xx_it.o
    0x080014b0   0x080014b0   0x0000000c   Code   RO          453    i.DMA1_Channel3_IRQHandler  stm32f1xx_it.o
    0x080014bc   0x080014bc   0x0000002a   Code   RO         1030    i.DMA_SetConfig     stm32f1xx_hal_dma.o
    0x080014e6   0x080014e6   0x00000002   Code   RO          454    i.DebugMon_Handler  stm32f1xx_it.o
    0x080014e8   0x080014e8   0x00000008   Code   RO          455    i.EXTI15_10_IRQHandler  stm32f1xx_it.o
    0x080014f0   0x080014f0   0x00000004   Code   RO           13    i.Error_Handler     main.o
    0x080014f4   0x080014f4   0x00000024   Code   RO         1470    i.FLASH_MassErase   stm32f1xx_hal_flash_ex.o
    0x08001518   0x08001518   0x00000024   Code   RO         1475    i.FLASH_PageErase   stm32f1xx_hal_flash_ex.o
    0x0800153c   0x0800153c   0x0000001c   Code   RO         1367    i.FLASH_Program_HalfWord  stm32f1xx_hal_flash.o
    0x08001558   0x08001558   0x0000005c   Code   RO         1368    i.FLASH_SetErrorCode  stm32f1xx_hal_flash.o
    0x080015b4   0x080015b4   0x00000054   Code   RO         1369    i.FLASH_WaitForLastOperation  stm32f1xx_hal_flash.o
    0x08001608   0x08001608   0x00000046   Code   RO         1031    i.HAL_DMA_Abort     stm32f1xx_hal_dma.o
    0x0800164e   0x0800164e   0x00000002   PAD
    0x08001650   0x08001650   0x00000098   Code   RO         1032    i.HAL_DMA_Abort_IT  stm32f1xx_hal_dma.o
    0x080016e8   0x080016e8   0x00000154   Code   RO         1036    i.HAL_DMA_IRQHandler  stm32f1xx_hal_dma.o
    0x0800183c   0x0800183c   0x0000005c   Code   RO         1037    i.HAL_DMA_Init      stm32f1xx_hal_dma.o
    0x08001898   0x08001898   0x00000070   Code   RO         1041    i.HAL_DMA_Start_IT  stm32f1xx_hal_dma.o
    0x08001908   0x08001908   0x00000024   Code   RO          657    i.HAL_Delay         stm32f1xx_hal.o
    0x0800192c   0x0800192c   0x000000a8   Code   RO         1476    i.HAL_FLASHEx_Erase  stm32f1xx_hal_flash_ex.o
    0x080019d4   0x080019d4   0x00000014   Code   RO         1373    i.HAL_FLASH_Lock    stm32f1xx_hal_flash.o
    0x080019e8   0x080019e8   0x00000080   Code   RO         1378    i.HAL_FLASH_Program  stm32f1xx_hal_flash.o
    0x08001a68   0x08001a68   0x00000028   Code   RO         1380    i.HAL_FLASH_Unlock  stm32f1xx_hal_flash.o
    0x08001a90   0x08001a90   0x0000006c   Code   RO         5680    i.HAL_GPIO_EXTI_Callback  stm32_flash.o
    0x08001afc   0x08001afc   0x00000018   Code   RO          966    i.HAL_GPIO_EXTI_IRQHandler  stm32f1xx_hal_gpio.o
    0x08001b14   0x08001b14   0x000001e0   Code   RO          967    i.HAL_GPIO_Init     stm32f1xx_hal_gpio.o
    0x08001cf4   0x08001cf4   0x0000000a   Code   RO          969    i.HAL_GPIO_ReadPin  stm32f1xx_hal_gpio.o
    0x08001cfe   0x08001cfe   0x0000000a   Code   RO          971    i.HAL_GPIO_WritePin  stm32f1xx_hal_gpio.o
    0x08001d08   0x08001d08   0x0000000c   Code   RO          661    i.HAL_GetTick       stm32f1xx_hal.o
    0x08001d14   0x08001d14   0x00000188   Code   RO         1638    i.HAL_I2C_Init      stm32f1xx_hal_i2c.o
    0x08001e9c   0x08001e9c   0x00000250   Code   RO         1644    i.HAL_I2C_Master_Receive  stm32f1xx_hal_i2c.o
    0x080020ec   0x080020ec   0x0000012c   Code   RO         1651    i.HAL_I2C_Master_Transmit  stm32f1xx_hal_i2c.o
    0x08002218   0x08002218   0x0000005c   Code   RO          296    i.HAL_I2C_MspInit   i2c.o
    0x08002274   0x08002274   0x00000010   Code   RO          667    i.HAL_IncTick       stm32f1xx_hal.o
    0x08002284   0x08002284   0x00000024   Code   RO          668    i.HAL_Init          stm32f1xx_hal.o
    0x080022a8   0x080022a8   0x00000098   Code   RO          575    i.HAL_InitTick      stm32f1xx_hal_timebase_tim.o
    0x08002340   0x08002340   0x00000048   Code   RO          551    i.HAL_MspInit       stm32f1xx_hal_msp.o
    0x08002388   0x08002388   0x0000001a   Code   RO         1127    i.HAL_NVIC_EnableIRQ  stm32f1xx_hal_cortex.o
    0x080023a2   0x080023a2   0x00000002   PAD
    0x080023a4   0x080023a4   0x00000040   Code   RO         1133    i.HAL_NVIC_SetPriority  stm32f1xx_hal_cortex.o
    0x080023e4   0x080023e4   0x00000024   Code   RO         1134    i.HAL_NVIC_SetPriorityGrouping  stm32f1xx_hal_cortex.o
    0x08002408   0x08002408   0x00000024   Code   RO         1135    i.HAL_NVIC_SystemReset  stm32f1xx_hal_cortex.o
    0x0800242c   0x0800242c   0x0000012c   Code   RO          825    i.HAL_RCC_ClockConfig  stm32f1xx_hal_rcc.o
    0x08002558   0x08002558   0x00000040   Code   RO          829    i.HAL_RCC_GetClockConfig  stm32f1xx_hal_rcc.o
    0x08002598   0x08002598   0x00000020   Code   RO          832    i.HAL_RCC_GetPCLK1Freq  stm32f1xx_hal_rcc.o
    0x080025b8   0x080025b8   0x00000020   Code   RO          833    i.HAL_RCC_GetPCLK2Freq  stm32f1xx_hal_rcc.o
    0x080025d8   0x080025d8   0x0000004c   Code   RO          834    i.HAL_RCC_GetSysClockFreq  stm32f1xx_hal_rcc.o
    0x08002624   0x08002624   0x00000320   Code   RO          837    i.HAL_RCC_OscConfig  stm32f1xx_hal_rcc.o
    0x08002944   0x08002944   0x00000002   Code   RO         2770    i.HAL_TIMEx_BreakCallback  stm32f1xx_hal_tim_ex.o
    0x08002946   0x08002946   0x00000002   Code   RO         2771    i.HAL_TIMEx_CommutCallback  stm32f1xx_hal_tim_ex.o
    0x08002948   0x08002948   0x00000068   Code   RO         2789    i.HAL_TIMEx_MasterConfigSynchronization  stm32f1xx_hal_tim_ex.o
    0x080029b0   0x080029b0   0x0000005a   Code   RO         2066    i.HAL_TIM_Base_Init  stm32f1xx_hal_tim.o
    0x08002a0a   0x08002a0a   0x00000002   PAD
    0x08002a0c   0x08002a0c   0x00000054   Code   RO          338    i.HAL_TIM_Base_MspInit  tim.o
    0x08002a60   0x08002a60   0x00000058   Code   RO         2071    i.HAL_TIM_Base_Start_IT  stm32f1xx_hal_tim.o
    0x08002ab8   0x08002ab8   0x00000030   Code   RO         2074    i.HAL_TIM_Base_Stop_IT  stm32f1xx_hal_tim.o
    0x08002ae8   0x08002ae8   0x000000dc   Code   RO         2075    i.HAL_TIM_ConfigClockSource  stm32f1xx_hal_tim.o
    0x08002bc4   0x08002bc4   0x00000002   Code   RO         2100    i.HAL_TIM_IC_CaptureCallback  stm32f1xx_hal_tim.o
    0x08002bc6   0x08002bc6   0x00000166   Code   RO         2114    i.HAL_TIM_IRQHandler  stm32f1xx_hal_tim.o
    0x08002d2c   0x08002d2c   0x00000060   Code   RO          339    i.HAL_TIM_MspPostInit  tim.o
    0x08002d8c   0x08002d8c   0x00000002   Code   RO         2117    i.HAL_TIM_OC_DelayElapsedCallback  stm32f1xx_hal_tim.o
    0x08002d8e   0x08002d8e   0x000000cc   Code   RO         2138    i.HAL_TIM_PWM_ConfigChannel  stm32f1xx_hal_tim.o
    0x08002e5a   0x08002e5a   0x0000005a   Code   RO         2141    i.HAL_TIM_PWM_Init  stm32f1xx_hal_tim.o
    0x08002eb4   0x08002eb4   0x00000002   Code   RO         2143    i.HAL_TIM_PWM_MspInit  stm32f1xx_hal_tim.o
    0x08002eb6   0x08002eb6   0x00000002   Code   RO         2144    i.HAL_TIM_PWM_PulseFinishedCallback  stm32f1xx_hal_tim.o
    0x08002eb8   0x08002eb8   0x0000009c   Code   RO         2146    i.HAL_TIM_PWM_Start  stm32f1xx_hal_tim.o
    0x08002f54   0x08002f54   0x00000070   Code   RO         2149    i.HAL_TIM_PWM_Stop  stm32f1xx_hal_tim.o
    0x08002fc4   0x08002fc4   0x00000028   Code   RO           14    i.HAL_TIM_PeriodElapsedCallback  main.o
    0x08002fec   0x08002fec   0x00000002   Code   RO         2157    i.HAL_TIM_TriggerCallback  stm32f1xx_hal_tim.o
    0x08002fee   0x08002fee   0x0000004e   Code   RO         3047    i.HAL_UARTEx_ReceiveToIdle_DMA  stm32f1xx_hal_uart.o
    0x0800303c   0x0800303c   0x0000004e   Code   RO         3048    i.HAL_UARTEx_ReceiveToIdle_IT  stm32f1xx_hal_uart.o
    0x0800308a   0x0800308a   0x00000002   PAD
    0x0800308c   0x0800308c   0x00000030   Code   RO         5096    i.HAL_UARTEx_RxEventCallback  receivedata.o
    0x080030bc   0x080030bc   0x00000002   Code   RO         3063    i.HAL_UART_ErrorCallback  stm32f1xx_hal_uart.o
    0x080030be   0x080030be   0x00000002   PAD
    0x080030c0   0x080030c0   0x0000026c   Code   RO         3066    i.HAL_UART_IRQHandler  stm32f1xx_hal_uart.o
    0x0800332c   0x0800332c   0x00000064   Code   RO         3067    i.HAL_UART_Init     stm32f1xx_hal_uart.o
    0x08003390   0x08003390   0x00000184   Code   RO          392    i.HAL_UART_MspInit  usart.o
    0x08003514   0x08003514   0x00000002   Code   RO         3073    i.HAL_UART_RxCpltCallback  stm32f1xx_hal_uart.o
    0x08003516   0x08003516   0x00000002   Code   RO         3074    i.HAL_UART_RxHalfCpltCallback  stm32f1xx_hal_uart.o
    0x08003518   0x08003518   0x0000009a   Code   RO         3075    i.HAL_UART_Transmit  stm32f1xx_hal_uart.o
    0x080035b2   0x080035b2   0x00000002   PAD
    0x080035b4   0x080035b4   0x00000078   Code   RO         3076    i.HAL_UART_Transmit_DMA  stm32f1xx_hal_uart.o
    0x0800362c   0x0800362c   0x00000002   Code   RO         3078    i.HAL_UART_TxCpltCallback  stm32f1xx_hal_uart.o
    0x0800362e   0x0800362e   0x00000002   Code   RO         3079    i.HAL_UART_TxHalfCpltCallback  stm32f1xx_hal_uart.o
    0x08003630   0x08003630   0x00000002   Code   RO          456    i.HardFault_Handler  stm32f1xx_it.o
    0x08003632   0x08003632   0x0000002e   Code   RO         1681    i.I2C_IsAcknowledgeFailed  stm32f1xx_hal_i2c.o
    0x08003660   0x08003660   0x000000ec   Code   RO         1684    i.I2C_MasterRequestRead  stm32f1xx_hal_i2c.o
    0x0800374c   0x0800374c   0x0000009c   Code   RO         1685    i.I2C_MasterRequestWrite  stm32f1xx_hal_i2c.o
    0x080037e8   0x080037e8   0x00000056   Code   RO         1696    i.I2C_WaitOnBTFFlagUntilTimeout  stm32f1xx_hal_i2c.o
    0x0800383e   0x0800383e   0x00000002   PAD
    0x08003840   0x08003840   0x00000090   Code   RO         1697    i.I2C_WaitOnFlagUntilTimeout  stm32f1xx_hal_i2c.o
    0x080038d0   0x080038d0   0x000000bc   Code   RO         1698    i.I2C_WaitOnMasterAddressFlagUntilTimeout  stm32f1xx_hal_i2c.o
    0x0800398c   0x0800398c   0x00000070   Code   RO         1699    i.I2C_WaitOnRXNEFlagUntilTimeout  stm32f1xx_hal_i2c.o
    0x080039fc   0x080039fc   0x00000056   Code   RO         1700    i.I2C_WaitOnTXEFlagUntilTimeout  stm32f1xx_hal_i2c.o
    0x08003a52   0x08003a52   0x0000008c   Code   RO         5944    i.MQTTDeserialize_publish  mqttdeserializepublish.o
    0x08003ade   0x08003ade   0x00000036   Code   RO         6019    i.MQTTPacket_decode  mqttpacket.o
    0x08003b14   0x08003b14   0x00000014   Code   RO         6020    i.MQTTPacket_decodeBuf  mqttpacket.o
    0x08003b28   0x08003b28   0x0000002a   Code   RO         6021    i.MQTTPacket_encode  mqttpacket.o
    0x08003b52   0x08003b52   0x00000002   PAD
    0x08003b54   0x08003b54   0x00000028   Code   RO         6023    i.MQTTPacket_len    mqttpacket.o
    0x08003b7c   0x08003b7c   0x0000004e   Code   RO         6024    i.MQTTPacket_read   mqttpacket.o
    0x08003bca   0x08003bca   0x00000002   PAD
    0x08003bcc   0x08003bcc   0x00000118   Code   RO         5850    i.MQTTSerialize_connect  mqttconnectclient.o
    0x08003ce4   0x08003ce4   0x00000076   Code   RO         5851    i.MQTTSerialize_connectLength  mqttconnectclient.o
    0x08003d5a   0x08003d5a   0x00000086   Code   RO         6130    i.MQTTSerialize_publish  mqttserializepublish.o
    0x08003de0   0x08003de0   0x0000001e   Code   RO         6131    i.MQTTSerialize_publishLength  mqttserializepublish.o
    0x08003dfe   0x08003dfe   0x00000002   PAD
    0x08003e00   0x08003e00   0x0000008c   Code   RO         6170    i.MQTTSerialize_subscribe  mqttsubscribeclient.o
    0x08003e8c   0x08003e8c   0x0000002e   Code   RO         6171    i.MQTTSerialize_subscribeLength  mqttsubscribeclient.o
    0x08003eba   0x08003eba   0x0000000e   Code   RO         6026    i.MQTTstrlen        mqttpacket.o
    0x08003ec8   0x08003ec8   0x0000003c   Code   RO          271    i.MX_DMA_Init       dma.o
    0x08003f04   0x08003f04   0x0000002c   Code   RO          228    i.MX_FREERTOS_Init  freertos.o
    0x08003f30   0x08003f30   0x000000a8   Code   RO          204    i.MX_GPIO_Init      gpio.o
    0x08003fd8   0x08003fd8   0x00000040   Code   RO          297    i.MX_I2C1_Init      i2c.o
    0x08004018   0x08004018   0x0000009c   Code   RO          340    i.MX_TIM3_Init      tim.o
    0x080040b4   0x080040b4   0x00000068   Code   RO          341    i.MX_TIM4_Init      tim.o
    0x0800411c   0x0800411c   0x00000038   Code   RO          393    i.MX_USART1_UART_Init  usart.o
    0x08004154   0x08004154   0x00000038   Code   RO          394    i.MX_USART2_UART_Init  usart.o
    0x0800418c   0x0800418c   0x00000038   Code   RO          395    i.MX_USART3_UART_Init  usart.o
    0x080041c4   0x080041c4   0x00000002   Code   RO          457    i.MemManage_Handler  stm32f1xx_it.o
    0x080041c6   0x080041c6   0x00000002   Code   RO          458    i.NMI_Handler       stm32f1xx_it.o
    0x080041c8   0x080041c8   0x00000006   Code   RO          229    i.StartDefaultTask  freertos.o
    0x080041ce   0x080041ce   0x00000002   PAD
    0x080041d0   0x080041d0   0x0000002c   Code   RO         4978    i.SysTick_Handler   port.o
    0x080041fc   0x080041fc   0x0000005e   Code   RO           15    i.SystemClock_Config  main.o
    0x0800425a   0x0800425a   0x00000002   Code   RO         3401    i.SystemInit        system_stm32f1xx.o
    0x0800425c   0x0800425c   0x0000000c   Code   RO          459    i.TIM2_IRQHandler   stm32f1xx_it.o
    0x08004268   0x08004268   0x0000000c   Code   RO          460    i.TIM4_IRQHandler   stm32f1xx_it.o
    0x08004274   0x08004274   0x0000006c   Code   RO         2159    i.TIM_Base_SetConfig  stm32f1xx_hal_tim.o
    0x080042e0   0x080042e0   0x0000001a   Code   RO         2160    i.TIM_CCxChannelCmd  stm32f1xx_hal_tim.o
    0x080042fa   0x080042fa   0x00000014   Code   RO         2170    i.TIM_ETR_SetConfig  stm32f1xx_hal_tim.o
    0x0800430e   0x0800430e   0x00000010   Code   RO         2171    i.TIM_ITRx_SetConfig  stm32f1xx_hal_tim.o
    0x0800431e   0x0800431e   0x00000002   PAD
    0x08004320   0x08004320   0x00000050   Code   RO         2172    i.TIM_OC1_SetConfig  stm32f1xx_hal_tim.o
    0x08004370   0x08004370   0x00000058   Code   RO         2173    i.TIM_OC2_SetConfig  stm32f1xx_hal_tim.o
    0x080043c8   0x080043c8   0x00000058   Code   RO         2174    i.TIM_OC3_SetConfig  stm32f1xx_hal_tim.o
    0x08004420   0x08004420   0x00000044   Code   RO         2175    i.TIM_OC4_SetConfig  stm32f1xx_hal_tim.o
    0x08004464   0x08004464   0x00000022   Code   RO         2177    i.TIM_TI1_ConfigInputStage  stm32f1xx_hal_tim.o
    0x08004486   0x08004486   0x00000024   Code   RO         2179    i.TIM_TI2_ConfigInputStage  stm32f1xx_hal_tim.o
    0x080044aa   0x080044aa   0x00000002   PAD
    0x080044ac   0x080044ac   0x0000004c   Code   RO         5497    i.Transmit_i2c_data  ap3216.o
    0x080044f8   0x080044f8   0x00000010   Code   RO         3080    i.UART_DMAAbortOnError  stm32f1xx_hal_uart.o
    0x08004508   0x08004508   0x0000004a   Code   RO         3081    i.UART_DMAError     stm32f1xx_hal_uart.o
    0x08004552   0x08004552   0x00000086   Code   RO         3082    i.UART_DMAReceiveCplt  stm32f1xx_hal_uart.o
    0x080045d8   0x080045d8   0x0000001e   Code   RO         3084    i.UART_DMARxHalfCplt  stm32f1xx_hal_uart.o
    0x080045f6   0x080045f6   0x00000042   Code   RO         3086    i.UART_DMATransmitCplt  stm32f1xx_hal_uart.o
    0x08004638   0x08004638   0x0000000a   Code   RO         3088    i.UART_DMATxHalfCplt  stm32f1xx_hal_uart.o
    0x08004642   0x08004642   0x0000004e   Code   RO         3090    i.UART_EndRxTransfer  stm32f1xx_hal_uart.o
    0x08004690   0x08004690   0x0000001c   Code   RO         3091    i.UART_EndTxTransfer  stm32f1xx_hal_uart.o
    0x080046ac   0x080046ac   0x000000c2   Code   RO         3092    i.UART_Receive_IT   stm32f1xx_hal_uart.o
    0x0800476e   0x0800476e   0x00000002   PAD
    0x08004770   0x08004770   0x000000b8   Code   RO         3093    i.UART_SetConfig    stm32f1xx_hal_uart.o
    0x08004828   0x08004828   0x00000090   Code   RO         3094    i.UART_Start_Receive_DMA  stm32f1xx_hal_uart.o
    0x080048b8   0x080048b8   0x00000036   Code   RO         3095    i.UART_Start_Receive_IT  stm32f1xx_hal_uart.o
    0x080048ee   0x080048ee   0x00000078   Code   RO         3096    i.UART_WaitOnFlagUntilTimeout  stm32f1xx_hal_uart.o
    0x08004966   0x08004966   0x00000002   PAD
    0x08004968   0x08004968   0x0000000c   Code   RO          461    i.USART1_IRQHandler  stm32f1xx_it.o
    0x08004974   0x08004974   0x0000000c   Code   RO          462    i.USART3_IRQHandler  stm32f1xx_it.o
    0x08004980   0x08004980   0x00000002   Code   RO          463    i.UsageFault_Handler  stm32f1xx_it.o
    0x08004982   0x08004982   0x00000002   PAD
    0x08004984   0x08004984   0x00000020   Code   RO         7171    i.__0printf         mc_w.l(printfa.o)
    0x080049a4   0x080049a4   0x00000034   Code   RO         7172    i.__0snprintf       mc_w.l(printfa.o)
    0x080049d8   0x080049d8   0x00000028   Code   RO         7173    i.__0sprintf        mc_w.l(printfa.o)
    0x08004a00   0x08004a00   0x00000020   Code   RO         1140    i.__NVIC_SetPriority  stm32f1xx_hal_cortex.o
    0x08004a20   0x08004a20   0x00000008   Code   RO         7308    i.__aeabi_errno_addr  mc_w.l(errno.o)
    0x08004a28   0x08004a28   0x0000005c   Code   RO         7203    i.__free$realloc    mc_w.l(mallocr.o)
    0x08004a84   0x08004a84   0x00000050   Code   RO         7204    i.__malloc$realloc  mc_w.l(mallocr.o)
    0x08004ad4   0x08004ad4   0x0000000e   Code   RO         7351    i.__scatterload_copy  mc_w.l(handlers.o)
    0x08004ae2   0x08004ae2   0x00000002   Code   RO         7352    i.__scatterload_null  mc_w.l(handlers.o)
    0x08004ae4   0x08004ae4   0x0000000e   Code   RO         7353    i.__scatterload_zeroinit  mc_w.l(handlers.o)
    0x08004af2   0x08004af2   0x00000002   PAD
    0x08004af4   0x08004af4   0x00000184   Code   RO         7178    i._fp_digits        mc_w.l(printfa.o)
    0x08004c78   0x08004c78   0x0000000e   Code   RO         7233    i._is_digit         mc_w.l(scanf_fp.o)
    0x08004c86   0x08004c86   0x00000002   PAD
    0x08004c88   0x08004c88   0x000006b4   Code   RO         7179    i._printf_core      mc_w.l(printfa.o)
    0x0800533c   0x0800533c   0x00000024   Code   RO         7180    i._printf_post_padding  mc_w.l(printfa.o)
    0x08005360   0x08005360   0x0000002e   Code   RO         7181    i._printf_pre_padding  mc_w.l(printfa.o)
    0x0800538e   0x0800538e   0x00000016   Code   RO         7182    i._snputc           mc_w.l(printfa.o)
    0x080053a4   0x080053a4   0x0000000a   Code   RO         7183    i._sputc            mc_w.l(printfa.o)
    0x080053ae   0x080053ae   0x00000002   PAD
    0x080053b0   0x080053b0   0x000000dc   Code   RO         5188    i.ack_correct_protocol_packet  data_packet.o
    0x0800548c   0x0800548c   0x0000005c   Code   RO         5189    i.ack_error_protocol_packet  data_packet.o
    0x080054e8   0x080054e8   0x0000002a   Code   RO         6253    i.add_item_to_array  cjson.o
    0x08005512   0x08005512   0x0000005a   Code   RO         6254    i.add_item_to_object  cjson.o
    0x0800556c   0x0800556c   0x00000040   Code   RO         5498    i.ap3216_init       ap3216.o
    0x080055ac   0x080055ac   0x00000024   Code   RO         6027    i.bufchar           mqttpacket.o
    0x080055d0   0x080055d0   0x00000030   Code   RO         6255    i.buffer_skip_whitespace  cjson.o
    0x08005600   0x08005600   0x00000014   Code   RO         6262    i.cJSON_AddItemToObject  cjson.o
    0x08005614   0x08005614   0x00000034   Code   RO         6265    i.cJSON_AddNumberToObject  cjson.o
    0x08005648   0x08005648   0x00000030   Code   RO         6268    i.cJSON_AddStringToObject  cjson.o
    0x08005678   0x08005678   0x00000060   Code   RO         6279    i.cJSON_CreateNumber  cjson.o
    0x080056d8   0x080056d8   0x00000018   Code   RO         6280    i.cJSON_CreateObject  cjson.o
    0x080056f0   0x080056f0   0x00000030   Code   RO         6283    i.cJSON_CreateString  cjson.o
    0x08005720   0x08005720   0x00000050   Code   RO         6287    i.cJSON_Delete      cjson.o
    0x08005770   0x08005770   0x00000010   Code   RO         6299    i.cJSON_GetErrorPtr  cjson.o
    0x08005780   0x08005780   0x00000006   Code   RO         6301    i.cJSON_GetObjectItem  cjson.o
    0x08005786   0x08005786   0x00000012   Code   RO         6315    i.cJSON_IsString    cjson.o
    0x08005798   0x08005798   0x00000016   Code   RO         6318    i.cJSON_New_Item    cjson.o
    0x080057ae   0x080057ae   0x00000008   Code   RO         6319    i.cJSON_Parse       cjson.o
    0x080057b6   0x080057b6   0x00000002   PAD
    0x080057b8   0x080057b8   0x000000dc   Code   RO         6321    i.cJSON_ParseWithLengthOpts  cjson.o
    0x08005894   0x08005894   0x00000022   Code   RO         6322    i.cJSON_ParseWithOpts  cjson.o
    0x080058b6   0x080058b6   0x00000002   PAD
    0x080058b8   0x080058b8   0x0000000c   Code   RO         6326    i.cJSON_PrintUnformatted  cjson.o
    0x080058c4   0x080058c4   0x0000000c   Code   RO         6334    i.cJSON_free        cjson.o
    0x080058d0   0x080058d0   0x00000028   Code   RO         6336    i.cJSON_strdup      cjson.o
    0x080058f8   0x080058f8   0x0000004c   Code   RO         5618    i.clean_queue       esp8266_wifi_config.o
    0x08005944   0x08005944   0x0000001c   Code   RO         5295    i.close_doorlock    doorlock_process_fun.o
    0x08005960   0x08005960   0x00000018   Code   RO         5401    i.close_electrical  electrical_process_fun.o
    0x08005978   0x08005978   0x00000058   Code   RO         6337    i.compare_double    cjson.o
    0x080059d0   0x080059d0   0x00000028   Code   RO         5548    i.dma_receive_interrupt_init  wifi_device.o
    0x080059f8   0x080059f8   0x00000050   Code   RO         5549    i.dma_send_AT_commend_fun  wifi_device.o
    0x08005a48   0x08005a48   0x00000034   Code   RO         5296    i.doorlock_processing_function  doorlock_process_fun.o
    0x08005a7c   0x08005a7c   0x00000034   Code   RO         5402    i.electrical_processing_function  electrical_process_fun.o
    0x08005ab0   0x08005ab0   0x0000008a   Code   RO         6339    i.ensure            cjson.o
    0x08005b3a   0x08005b3a   0x00000002   PAD
    0x08005b3c   0x08005b3c   0x0000008c   Code   RO         5681    i.erase_Flash       stm32_flash.o
    0x08005bc8   0x08005bc8   0x000002c0   Code   RO         5619    i.esp8266_Exit_transparent_transmission  esp8266_wifi_config.o
    0x08005e88   0x08005e88   0x000000f0   Code   RO         5550    i.esp8266_dma_receive_ack_data  wifi_device.o
    0x08005f78   0x08005f78   0x000001f8   Code   RO         5620    i.esp8266_enter_ap_mode  esp8266_wifi_config.o
    0x08006170   0x08006170   0x0000036c   Code   RO         5621    i.esp8266_enter_station_mode  esp8266_wifi_config.o
    0x080064dc   0x080064dc   0x00000200   Code   RO         5622    i.esp_8266_creat_tcp_server  esp8266_wifi_config.o
    0x080066dc   0x080066dc   0x00000010   Code   RO         5682    i.flash_read_data   stm32_flash.o
    0x080066ec   0x080066ec   0x00000124   Code   RO         5686    i.flash_write_data  stm32_flash.o
    0x08006810   0x08006810   0x0000001c   Code   RO          396    i.fputc             usart.o
    0x0800682c   0x0800682c   0x00000044   Code   RO         5499    i.get_data          ap3216.o
    0x08006870   0x08006870   0x0000007a   Code   RO         6341    i.get_object_item   cjson.o
    0x080068ea   0x080068ea   0x00000002   PAD
    0x080068ec   0x080068ec   0x00000042   Code   RO         5552    i.get_send_data     wifi_device.o
    0x0800692e   0x0800692e   0x00000002   PAD
    0x08006930   0x08006930   0x00000050   Code   RO         7205    i.internal_alloc    mc_w.l(mallocr.o)
    0x08006980   0x08006980   0x00000048   Code   RO           16    i.main              main.o
    0x080069c8   0x080069c8   0x0000002c   Code   RO         5278    i.modbus_crc_fast   crc16.o
    0x080069f4   0x080069f4   0x000001b4   Code   RO         5755    i.mqtt_connect      local_mqtt.o
    0x08006ba8   0x08006ba8   0x000000b8   Code   RO         5756    i.mqtt_receive_subscribe_data  local_mqtt.o
    0x08006c60   0x08006c60   0x0000037c   Code   RO         5757    i.mqtt_response_json_str_protocol_packet  local_mqtt.o
    0x08006fdc   0x08006fdc   0x00000118   Code   RO         5759    i.mqtt_subscribe    local_mqtt.o
    0x080070f4   0x080070f4   0x00000338   Code   RO         5760    i.mqtt_transport_open  local_mqtt.o
    0x0800742c   0x0800742c   0x0000001c   Code   RO         5297    i.open_doorlock     doorlock_process_fun.o
    0x08007448   0x08007448   0x00000018   Code   RO         5403    i.open_electrical   electrical_process_fun.o
    0x08007460   0x08007460   0x00000038   Code   RO         4521    i.osKernelInitialize  cmsis_os2.o
    0x08007498   0x08007498   0x00000040   Code   RO         4524    i.osKernelStart     cmsis_os2.o
    0x080074d8   0x080074d8   0x000000a4   Code   RO         4558    i.osThreadNew       cmsis_os2.o
    0x0800757c   0x0800757c   0x000000d0   Code   RO         6343    i.parse_array       cjson.o
    0x0800764c   0x0800764c   0x00000040   Code   RO         6344    i.parse_hex4        cjson.o
    0x0800768c   0x0800768c   0x000002fc   Code   RO         6881    i.parse_nested_json  jsonparse.o
    0x08007988   0x08007988   0x0000012c   Code   RO         6345    i.parse_number      cjson.o
    0x08007ab4   0x08007ab4   0x00000110   Code   RO         6346    i.parse_object      cjson.o
    0x08007bc4   0x08007bc4   0x00000064   Code   RO         5097    i.parse_packet_conent  receivedata.o
    0x08007c28   0x08007c28   0x00000028   Code   RO         5098    i.parse_protocol_head  receivedata.o
    0x08007c50   0x08007c50   0x0000010c   Code   RO         6347    i.parse_string      cjson.o
    0x08007d5c   0x08007d5c   0x00000078   Code   RO         5190    i.parse_temp_humi   data_packet.o
    0x08007dd4   0x08007dd4   0x000000fc   Code   RO         6348    i.parse_value       cjson.o
    0x08007ed0   0x08007ed0   0x0000009a   Code   RO         6349    i.print             cjson.o
    0x08007f6a   0x08007f6a   0x00000096   Code   RO         6350    i.print_array       cjson.o
    0x08008000   0x08008000   0x00000110   Code   RO         6351    i.print_number      cjson.o
    0x08008110   0x08008110   0x00000140   Code   RO         6352    i.print_object      cjson.o
    0x08008250   0x08008250   0x00000110   Code   RO         6353    i.print_string_ptr  cjson.o
    0x08008360   0x08008360   0x000000d0   Code   RO         6354    i.print_value       cjson.o
    0x08008430   0x08008430   0x0000005c   Code   RO         4003    i.prvAddCurrentTaskToDelayedList  tasks.o
    0x0800848c   0x0800848c   0x000000d0   Code   RO         4004    i.prvAddNewTaskToReadyList  tasks.o
    0x0800855c   0x0800855c   0x00000058   Code   RO         4353    i.prvCheckForValidListAndQueue  timers.o
    0x080085b4   0x080085b4   0x00000026   Code   RO         3606    i.prvCopyDataFromQueue  queue.o
    0x080085da   0x080085da   0x0000006c   Code   RO         3607    i.prvCopyDataToQueue  queue.o
    0x08008646   0x08008646   0x00000034   Code   RO         4005    i.prvDeleteTCB      tasks.o
    0x0800867a   0x0800867a   0x00000002   PAD
    0x0800867c   0x0800867c   0x0000004c   Code   RO         4928    i.prvHeapInit       heap_4.o
    0x080086c8   0x080086c8   0x00000060   Code   RO         4006    i.prvIdleTask       tasks.o
    0x08008728   0x08008728   0x00000022   Code   RO         3609    i.prvInitialiseNewQueue  queue.o
    0x0800874a   0x0800874a   0x0000009c   Code   RO         4007    i.prvInitialiseNewTask  tasks.o
    0x080087e6   0x080087e6   0x00000002   PAD
    0x080087e8   0x080087e8   0x0000004c   Code   RO         4929    i.prvInsertBlockIntoFreeList  heap_4.o
    0x08008834   0x08008834   0x00000038   Code   RO         4355    i.prvInsertTimerInActiveList  timers.o
    0x0800886c   0x0800886c   0x0000001c   Code   RO         3610    i.prvIsQueueEmpty   queue.o
    0x08008888   0x08008888   0x000000cc   Code   RO         4356    i.prvProcessReceivedCommands  timers.o
    0x08008954   0x08008954   0x000000b4   Code   RO         4357    i.prvProcessTimerOrBlockTask  timers.o
    0x08008a08   0x08008a08   0x00000020   Code   RO         4009    i.prvResetNextTaskUnblockTime  tasks.o
    0x08008a28   0x08008a28   0x00000028   Code   RO         4358    i.prvSampleTimeNow  timers.o
    0x08008a50   0x08008a50   0x0000006c   Code   RO         4359    i.prvSwitchTimerLists  timers.o
    0x08008abc   0x08008abc   0x00000028   Code   RO         4979    i.prvTaskExitError  port.o
    0x08008ae4   0x08008ae4   0x00000024   Code   RO         4360    i.prvTimerTask      timers.o
    0x08008b08   0x08008b08   0x0000006a   Code   RO         3611    i.prvUnlockQueue    queue.o
    0x08008b72   0x08008b72   0x00000002   PAD
    0x08008b74   0x08008b74   0x000000d8   Code   RO         4930    i.pvPortMalloc      heap_4.o
    0x08008c4c   0x08008c4c   0x00000024   Code   RO         4980    i.pxPortInitialiseStack  port.o
    0x08008c70   0x08008c70   0x00000028   Code   RO         5298    i.query_doorlock    doorlock_process_fun.o
    0x08008c98   0x08008c98   0x00000020   Code   RO         5404    i.query_electrical  electrical_process_fun.o
    0x08008cb8   0x08008cb8   0x00000094   Code   RO         5362    i.query_sensor      sensor_process_fun.o
    0x08008d4c   0x08008d4c   0x00000134   Code   RO         5363    i.query_sensor_DHT11  sensor_process_fun.o
    0x08008e80   0x08008e80   0x00000050   Code   RO         5191    i.queue_store_init  data_packet.o
    0x08008ed0   0x08008ed0   0x0000000c   Code   RO         6029    i.readChar          mqttpacket.o
    0x08008edc   0x08008edc   0x00000012   Code   RO         6030    i.readInt           mqttpacket.o
    0x08008eee   0x08008eee   0x00000034   Code   RO         6031    i.readMQTTLenString  mqttpacket.o
    0x08008f22   0x08008f22   0x00000002   PAD
    0x08008f24   0x08008f24   0x00000080   Code   RO         5500    i.read_data         ap3216.o
    0x08008fa4   0x08008fa4   0x00000128   Code   RO         5687    i.read_ssid_pwd_from_flash  stm32_flash.o
    0x080090cc   0x080090cc   0x0000006c   Code   RO         7206    i.realloc           mc_w.l(mallocr.o)
    0x08009138   0x08009138   0x0000005c   Code   RO         5099    i.receive_data      receivedata.o
    0x08009194   0x08009194   0x00000140   Code   RO         5623    i.reset_esp8266     esp8266_wifi_config.o
    0x080092d4   0x080092d4   0x00000028   Code   RO         5100    i.reset_rxbuffer    receivedata.o
    0x080092fc   0x080092fc   0x00000044   Code   RO         5192    i.response_protocol_packet  data_packet.o
    0x08009340   0x08009340   0x0000009c   Code   RO         5688    i.saveData_ssid_pwd_To_flash  stm32_flash.o
    0x080093dc   0x080093dc   0x000000b4   Code   RO         5553    i.send_AT_commend_task  wifi_device.o
    0x08009490   0x08009490   0x00000004   Code   RO         5761    i.send_mqtt_protocol  local_mqtt.o
    0x08009494   0x08009494   0x00000064   Code   RO         5364    i.sensor_processing_function  sensor_process_fun.o
    0x080094f8   0x080094f8   0x00000040   Code   RO         5193    i.show_protocol     data_packet.o
    0x08009538   0x08009538   0x0000002c   Code   RO         5101    i.start_TIM         receivedata.o
    0x08009564   0x08009564   0x0000001c   Code   RO         6906    i.strtod            m_ws.l(strtod.o)
    0x08009580   0x08009580   0x000001b4   Code   RO         5195    i.task_data_receive_fun  data_packet.o
    0x08009734   0x08009734   0x00000078   Code   RO         5196    i.task_receive_init  data_packet.o
    0x080097ac   0x080097ac   0x00000028   Code   RO         5102    i.timeout_reset     receivedata.o
    0x080097d4   0x080097d4   0x0000000a   Code   RO         5762    i.transport_getdata  local_mqtt.o
    0x080097de   0x080097de   0x0000000a   Code   RO         5763    i.transport_getdata_block_mode  local_mqtt.o
    0x080097e8   0x080097e8   0x00000170   Code   RO         5554    i.uart3_send_AT_commend_taskfun  wifi_device.o
    0x08009958   0x08009958   0x00000090   Code   RO         5555    i.uart_dma_receivedata  wifi_device.o
    0x080099e8   0x080099e8   0x00000014   Code   RO         5103    i.uart_interrupt_init  receivedata.o
    0x080099fc   0x080099fc   0x00000118   Code   RO         5197    i.uart_send_cmd     data_packet.o
    0x08009b14   0x08009b14   0x0000001c   Code   RO         6356    i.update_offset     cjson.o
    0x08009b30   0x08009b30   0x000000d2   Code   RO         6357    i.utf16_literal_to_utf8  cjson.o
    0x08009c02   0x08009c02   0x00000026   Code   RO         3566    i.uxListRemove      list.o
    0x08009c28   0x08009c28   0x00000024   Code   RO         3614    i.uxQueueMessagesWaiting  queue.o
    0x08009c4c   0x08009c4c   0x00000014   Code   RO         4570    i.vApplicationGetIdleTaskMemory  cmsis_os2.o
    0x08009c60   0x08009c60   0x00000018   Code   RO         4571    i.vApplicationGetTimerTaskMemory  cmsis_os2.o
    0x08009c78   0x08009c78   0x00000016   Code   RO         3567    i.vListInitialise   list.o
    0x08009c8e   0x08009c8e   0x00000006   Code   RO         3568    i.vListInitialiseItem  list.o
    0x08009c94   0x08009c94   0x00000030   Code   RO         3569    i.vListInsert       list.o
    0x08009cc4   0x08009cc4   0x00000018   Code   RO         3570    i.vListInsertEnd    list.o
    0x08009cdc   0x08009cdc   0x00000040   Code   RO         4982    i.vPortEnterCritical  port.o
    0x08009d1c   0x08009d1c   0x00000028   Code   RO         4983    i.vPortExitCritical  port.o
    0x08009d44   0x08009d44   0x0000005c   Code   RO         4931    i.vPortFree         heap_4.o
    0x08009da0   0x08009da0   0x00000024   Code   RO         4984    i.vPortSetupTimerInterrupt  port.o
    0x08009dc4   0x08009dc4   0x00000054   Code   RO         4985    i.vPortValidateInterruptPriority  port.o
    0x08009e18   0x08009e18   0x00000028   Code   RO         3617    i.vQueueAddToRegistry  queue.o
    0x08009e40   0x08009e40   0x0000002e   Code   RO         3618    i.vQueueDelete      queue.o
    0x08009e6e   0x08009e6e   0x00000002   PAD
    0x08009e70   0x08009e70   0x00000028   Code   RO         3620    i.vQueueUnregisterQueue  queue.o
    0x08009e98   0x08009e98   0x00000044   Code   RO         3621    i.vQueueWaitForMessageRestricted  queue.o
    0x08009edc   0x08009edc   0x0000004c   Code   RO         4021    i.vTaskDelay        tasks.o
    0x08009f28   0x08009f28   0x00000010   Code   RO         4026    i.vTaskInternalSetTimeOutState  tasks.o
    0x08009f38   0x08009f38   0x0000000c   Code   RO         4027    i.vTaskMissedYield  tasks.o
    0x08009f44   0x08009f44   0x00000030   Code   RO         4029    i.vTaskPlaceOnEventList  tasks.o
    0x08009f74   0x08009f74   0x00000038   Code   RO         4030    i.vTaskPlaceOnEventListRestricted  tasks.o
    0x08009fac   0x08009fac   0x00000088   Code   RO         4038    i.vTaskStartScheduler  tasks.o
    0x0800a034   0x0800a034   0x00000010   Code   RO         4040    i.vTaskSuspendAll   tasks.o
    0x0800a044   0x0800a044   0x00000064   Code   RO         4041    i.vTaskSwitchContext  tasks.o
    0x0800a0a8   0x0800a0a8   0x00000344   Code   RO         5624    i.wait_user_config_network  esp8266_wifi_config.o
    0x0800a3ec   0x0800a3ec   0x00000028   Code   RO         6032    i.writeCString      mqttpacket.o
    0x0800a414   0x0800a414   0x0000000c   Code   RO         6033    i.writeChar         mqttpacket.o
    0x0800a420   0x0800a420   0x0000001e   Code   RO         6034    i.writeInt          mqttpacket.o
    0x0800a43e   0x0800a43e   0x00000036   Code   RO         6035    i.writeMQTTString   mqttpacket.o
    0x0800a474   0x0800a474   0x000000a8   Code   RO         4986    i.xPortStartScheduler  port.o
    0x0800a51c   0x0800a51c   0x00000048   Code   RO         3626    i.xQueueGenericCreate  queue.o
    0x0800a564   0x0800a564   0x00000066   Code   RO         3627    i.xQueueGenericCreateStatic  queue.o
    0x0800a5ca   0x0800a5ca   0x00000002   PAD
    0x0800a5cc   0x0800a5cc   0x00000088   Code   RO         3628    i.xQueueGenericReset  queue.o
    0x0800a654   0x0800a654   0x00000160   Code   RO         3629    i.xQueueGenericSend  queue.o
    0x0800a7b4   0x0800a7b4   0x000000bc   Code   RO         3630    i.xQueueGenericSendFromISR  queue.o
    0x0800a870   0x0800a870   0x00000138   Code   RO         3639    i.xQueueReceive     queue.o
    0x0800a9a8   0x0800a9a8   0x00000074   Code   RO         4042    i.xTaskCheckForTimeOut  tasks.o
    0x0800aa1c   0x0800aa1c   0x0000005a   Code   RO         4043    i.xTaskCreate       tasks.o
    0x0800aa76   0x0800aa76   0x00000056   Code   RO         4044    i.xTaskCreateStatic  tasks.o
    0x0800aacc   0x0800aacc   0x0000001c   Code   RO         4048    i.xTaskGetSchedulerState  tasks.o
    0x0800aae8   0x0800aae8   0x0000000c   Code   RO         4049    i.xTaskGetTickCount  tasks.o
    0x0800aaf4   0x0800aaf4   0x000000c8   Code   RO         4051    i.xTaskIncrementTick  tasks.o
    0x0800abbc   0x0800abbc   0x00000080   Code   RO         4054    i.xTaskPriorityDisinherit  tasks.o
    0x0800ac3c   0x0800ac3c   0x00000070   Code   RO         4056    i.xTaskRemoveFromEventList  tasks.o
    0x0800acac   0x0800acac   0x000000c4   Code   RO         4057    i.xTaskResumeAll    tasks.o
    0x0800ad70   0x0800ad70   0x00000060   Code   RO         4367    i.xTimerCreateTimerTask  timers.o
    0x0800add0   0x0800add0   0x00000068   Code   RO         4368    i.xTimerGenericCommand  timers.o
    0x0800ae38   0x0800ae38   0x00000024   Data   RO          230    .constdata          freertos.o
    0x0800ae5c   0x0800ae5c   0x00000012   Data   RO          838    .constdata          stm32f1xx_hal_rcc.o
    0x0800ae6e   0x0800ae6e   0x00000010   Data   RO         3402    .constdata          system_stm32f1xx.o
    0x0800ae7e   0x0800ae7e   0x00000008   Data   RO         3403    .constdata          system_stm32f1xx.o
    0x0800ae86   0x0800ae86   0x00000200   Data   RO         5279    .constdata          crc16.o
    0x0800b086   0x0800b086   0x00000002   PAD
    0x0800b088   0x0800b088   0x00000280   Data   RO         5625    .constdata          esp8266_wifi_config.o
    0x0800b308   0x0800b308   0x000000d8   Data   RO         5764    .constdata          local_mqtt.o
    0x0800b3e0   0x0800b3e0   0x00000081   Data   RO         7279    .constdata          mc_w.l(ctype_o.o)
    0x0800b461   0x0800b461   0x00000003   PAD
    0x0800b464   0x0800b464   0x00000004   Data   RO         7280    .constdata          mc_w.l(ctype_o.o)
    0x0800b468   0x0800b468   0x0000000c   Data   RO          231    .conststring        freertos.o
    0x0800b474   0x0800b474   0x00000020   Data   RO         7349    Region$$Table       anon$$obj.o


    Execution Region RW_IRAM1 (Exec base: 0x20000000, Load base: 0x0800b494, Size: 0x00003728, Max: 0x00005000, ABSOLUTE, COMPRESSED[0x00000048])

    Exec Addr    Load Addr    Size         Type   Attr      Idx    E Section Name        Object

    0x20000000   COMPRESSED   0x00000004   Data   RW          232    .data               freertos.o
    0x20000004   COMPRESSED   0x0000000c   Data   RW          675    .data               stm32f1xx_hal.o
    0x20000010   COMPRESSED   0x00000004   Data   RW         3404    .data               system_stm32f1xx.o
    0x20000014   COMPRESSED   0x0000003c   Data   RW         4060    .data               tasks.o
    0x20000050   COMPRESSED   0x00000014   Data   RW         4376    .data               timers.o
    0x20000064   COMPRESSED   0x00000004   Data   RW         4573    .data               cmsis_os2.o
    0x20000068   COMPRESSED   0x00000018   Data   RW         4936    .data               heap_4.o
    0x20000080   COMPRESSED   0x0000000c   Data   RW         4987    .data               port.o
    0x2000008c   COMPRESSED   0x0000000c   Data   RW         5105    .data               receivedata.o
    0x20000098   COMPRESSED   0x00000014   Data   RW         5200    .data               data_packet.o
    0x200000ac   COMPRESSED   0x00000018   Data   RW         5299    .data               doorlock_process_fun.o
    0x200000c4   COMPRESSED   0x00000018   Data   RW         5365    .data               sensor_process_fun.o
    0x200000dc   COMPRESSED   0x00000018   Data   RW         5405    .data               electrical_process_fun.o
    0x200000f4   COMPRESSED   0x00000004   Data   RW         5502    .data               ap3216.o
    0x200000f8   COMPRESSED   0x0000000c   Data   RW         5557    .data               wifi_device.o
    0x20000104   COMPRESSED   0x00000008   Data   RW         5689    .data               stm32_flash.o
    0x2000010c   COMPRESSED   0x00000004   Data   RW         6036    .data               mqttpacket.o
    0x20000110   COMPRESSED   0x00000014   Data   RW         6359    .data               cjson.o
    0x20000124   COMPRESSED   0x00000004   Data   RW         7269    .data               mc_w.l(stdout.o)
    0x20000128   COMPRESSED   0x00000004   Data   RW         7306    .data               mc_w.l(mvars.o)
    0x2000012c   COMPRESSED   0x00000004   Data   RW         7307    .data               mc_w.l(mvars.o)
    0x20000130   COMPRESSED   0x00000004   Data   RW         7311    .data               mc_w.l(errno.o)
    0x20000134        -       0x00000054   Zero   RW          298    .bss                i2c.o
    0x20000188        -       0x00000090   Zero   RW          342    .bss                tim.o
    0x20000218        -       0x00000160   Zero   RW          397    .bss                usart.o
    0x20000378        -       0x00000048   Zero   RW          578    .bss                stm32f1xx_hal_timebase_tim.o
    0x200003c0        -       0x00000020   Zero   RW         1381    .bss                stm32f1xx_hal_flash.o
    0x200003e0        -       0x00000040   Zero   RW         3643    .bss                queue.o
    0x20000420        -       0x000004c4   Zero   RW         4059    .bss                tasks.o
    0x200008e4        -       0x00000118   Zero   RW         4375    .bss                timers.o
    0x200009fc        -       0x000006b8   Zero   RW         4572    .bss                cmsis_os2.o
    0x200010b4        -       0x00001800   Zero   RW         4935    .bss                heap_4.o
    0x200028b4        -       0x00000040   Zero   RW         5104    .bss                receivedata.o
    0x200028f4        -       0x00000020   Zero   RW         5198    .bss                data_packet.o
    0x20002914        -       0x00000010   Zero   RW         5199    .bss                data_packet.o
    0x20002924        -       0x00000200   Zero   RW         5556    .bss                wifi_device.o
    0x20002b24   COMPRESSED   0x00000004   PAD
    0x20002b28        -       0x00000800   Zero   RW            2    HEAP                startup_stm32f103xb.o
    0x20003328        -       0x00000400   Zero   RW            1    STACK               startup_stm32f103xb.o


==============================================================================

Image component sizes


      Code (inc. data)   RO Data    RW Data    ZI Data      Debug   Object Name

       336        138          0          4          0       2865   ap3216.o
      4262        198          0         20          0      38818   cjson.o
       328         26          0          4       1720      16508   cmsis_os2.o
        44          6        512          0          0       1226   crc16.o
      1688        688          0         20         48       9336   data_packet.o
        60          4          0          0          0        786   dma.o
       148         22          0         24          0       4724   doorlock_process_fun.o
       132         22          0         24          0       3262   electrical_process_fun.o
      3828       1826        640          0          0       6686   esp8266_wifi_config.o
         0          0          0          0          0      20256   event_groups.o
        50         12         48          4          0       1741   freertos.o
       168         14          0          0          0        987   gpio.o
       460         24          0         24       6144       4743   heap_4.o
       156         26          0          0         84       1673   i2c.o
       764        388          0          0          0       3416   jsonparse.o
       138          0          0          0          0       3474   list.o
      2640       1404        216          0          0      12473   local_mqtt.o
       210         12          0          0          0     458896   main.o
       398         18          0          0          0       4866   mqttconnectclient.o
       140          0          0          0          0       1538   mqttdeserializepublish.o
       502         22          0          4          0       9794   mqttpacket.o
       164          0          0          0          0       2358   mqttserializepublish.o
       186          0          0          0          0       2382   mqttsubscribeclient.o
       662         70          0         12          0      10941   port.o
      1706         24          0          0         64      20290   queue.o
       428        124          0         12         64       7879   receivedata.o
       556        328          0         24          0       2914   sensor_process_fun.o
        36          8        236          0       3072        812   startup_stm32f103xb.o
      1008        522          0          8          0       5475   stm32_flash.o
       100         18          0         12          0       5318   stm32f1xx_hal.o
       194         24          0          0          0      28841   stm32f1xx_hal_cortex.o
       808         36          0          0          0       5062   stm32f1xx_hal_dma.o
       392         46          0          0         32       4810   stm32f1xx_hal_flash.o
       240         26          0          0          0       3285   stm32f1xx_hal_flash_ex.o
       524         40          0          0          0       4162   stm32f1xx_hal_gpio.o
      2338         54          0          0          0      12702   stm32f1xx_hal_i2c.o
        72         10          0          0          0        890   stm32f1xx_hal_msp.o
      1304         94         18          0          0       5821   stm32f1xx_hal_rcc.o
      1940         62          0          0          0      17608   stm32f1xx_hal_tim.o
       108         12          0          0          0       2449   stm32f1xx_hal_tim_ex.o
       152         18          0          0         72       1515   stm32f1xx_hal_timebase_tim.o
      2292         38          0          0          0      18541   stm32f1xx_hal_uart.o
        92         36          0          0          0       5798   stm32f1xx_it.o
         0          0          0          0          0       8936   stream_buffer.o
         2          0         24          4          0       1151   system_stm32f1xx.o
      2064        170          0         60       1220      23504   tasks.o
       440         46          0          0        144       3105   tim.o
       912         82          0         20        280      26175   timers.o
       584         62          0          0        352       3850   usart.o
      1118        600          0         12        512       6119   wifi_device.o

    ----------------------------------------------------------------------
     36932       7400       1728        292      13812     850761   Object Totals
         0          0         32          0          0          0   (incl. Generated)
        58          0          2          0          4          0   (incl. Padding)

    ----------------------------------------------------------------------

      Code (inc. data)   RO Data    RW Data    ZI Data      Debug   Library Member Name

        28          0          0          0          0         80   strtod.o
        56          8          0          0          0         84   __0sscanf.o
        86          0          0          0          0          0   __dczerorl2.o
        28          0          0          0          0         68   _chval.o
       816          6          0          0          0        112   _scanf.o
       224          0          0          0          0         96   _scanf_str.o
        64          0          0          0          0         84   _sgetc.o
       158          0          0          0          0         92   _strtoul.o
         8          4        133          0          0         68   ctype_o.o
         0          0          0          0          0          0   entry.o
         0          0          0          0          0          0   entry10a.o
         0          0          0          0          0          0   entry11a.o
         4          0          0          0          0          0   entry12b.o
         8          4          0          0          0          0   entry2.o
         4          0          0          0          0          0   entry5.o
         0          0          0          0          0          0   entry7b.o
         0          0          0          0          0          0   entry8b.o
         8          4          0          0          0          0   entry9a.o
         8          4          0          4          0         68   errno.o
        30          0          0          0          0          0   handlers.o
        36          8          0          0          0         68   init.o
        18          0          0          0          0         76   isspace_o.o
         0          0          0          0          0          0   iusefp.o
        30          0          0          0          0         68   llshl.o
        36          0          0          0          0         68   llsshr.o
        32          0          0          0          0         68   llushr.o
       360         30          0          0          0        356   mallocr.o
        36          0          0          0          0         68   memcpya.o
        36          0          0          0          0        108   memseta.o
         0          0          0          8          0          0   mvars.o
      2342        100          0          0          0        772   printfa.o
        40          8          0          0          0         84   scanf_char.o
       878         12          0          0          0        216   scanf_fp.o
         0          0          0          4          0          0   stdout.o
        28          0          0          0          0         76   strcmp.o
        18          0          0          0          0         68   strcpy.o
        14          0          0          0          0         68   strlen.o
        30          0          0          0          0         80   strncmp.o
        24          0          0          0          0         76   strncpy.o
        36          0          0          0          0         80   strstr.o
       156         12          0          0          0        120   strtod.o
       112          0          0          0          0         88   strtol.o
        12          0          0          0          0         68   tolower.o
        44          0          0          0          0         80   uidiv.o
        98          0          0          0          0         92   uldiv.o
        48          0          0          0          0         68   cdcmple.o
        48          0          0          0          0         68   cdrcmple.o
        56          0          0          0          0         88   d2f.o
       334          0          0          0          0        148   dadd.o
       222          0          0          0          0        100   ddiv.o
       186          0          0          0          0        176   depilogue.o
        62          0          0          0          0         80   dfixi.o
        48          0          0          0          0         68   dfixul.o
        34          0          0          0          0         76   dflti.o
        26          0          0          0          0         76   dfltui.o
        24          0          0          0          0         76   dfltul.o
       228          0          0          0          0         96   dmul.o
        46          0          0          0          0         80   dscalb.o
       110          0          0          0          0        168   fepilogue.o

    ----------------------------------------------------------------------
      7432        200        136         16          0       4968   Library Totals
        14          0          3          0          0          0   (incl. Padding)

    ----------------------------------------------------------------------

      Code (inc. data)   RO Data    RW Data    ZI Data      Debug   Library Name

        28          0          0          0          0         80   m_ws.l
      5918        200        133         16          0       3520   mc_w.l
      1472          0          0          0          0       1368   mf_w.l

    ----------------------------------------------------------------------
      7432        200        136         16          0       4968   Library Totals

    ----------------------------------------------------------------------

==============================================================================


      Code (inc. data)   RO Data    RW Data    ZI Data      Debug   

     44364       7600       1864        308      13812     836357   Grand Totals
     44364       7600       1864         72      13812     836357   ELF Image Totals (compressed)
     44364       7600       1864         72          0          0   ROM Totals

==============================================================================

    Total RO  Size (Code + RO Data)                46228 (  45.14kB)
    Total RW  Size (RW Data + ZI Data)             14120 (  13.79kB)
    Total ROM Size (Code + RO Data + RW Data)      46300 (  45.21kB)

==============================================================================

